07-20 11:38:04.122  7950  7973 I TestRunner: started: order_reset_after_cancel_from_checkout(com.example.lunchtray.OrderFunctionalityTests)
07-20 11:38:04.127  7950  7973 W Settings: Setting always_finish_activities has moved from android.provider.Settings.System to android.provider.Settings.Global, returning read-only value.
07-20 11:38:04.137   412   437 D goldfish-address-space: claimShared: Ask to claim region [0x3f3a3e000 0x3f3c98000]
07-20 11:38:04.139   611   719 D HostConnection: createUnique: call
07-20 11:38:04.139   611   719 D HostConnection: HostConnection::get() New Host Connection established 0x7f5229fbe650, tid 719
07-20 11:38:04.141   611  1990 D DevicePolicyManagerService: No updated drawable found for drawable id WORK_PROFILE_ICON
07-20 11:38:04.145   611   719 D HostConnection: HostComposition ext ANDROID_EMU_CHECKSUM_HELPER_v1 ANDROID_EMU_native_sync_v2 ANDROID_EMU_native_sync_v3 ANDROID_EMU_native_sync_v4 ANDROID_EMU_dma_v1 ANDROID_EMU_direct_mem ANDROID_EMU_host_composition_v1 ANDROID_EMU_host_composition_v2 ANDROID_EMU_vulkan ANDROID_EMU_deferred_vulkan_commands ANDROID_EMU_vulkan_null_optional_strings ANDROID_EMU_vulkan_create_resources_with_requirements ANDROID_EMU_YUV_Cache ANDROID_EMU_vulkan_ignored_handles ANDROID_EMU_has_shared_slots_host_memory_allocator ANDROID_EMU_vulkan_free_memory_sync ANDROID_EMU_vulkan_shader_float16_int8 ANDROID_EMU_vulkan_async_queue_submit ANDROID_EMU_vulkan_queue_submit_with_commands ANDROID_EMU_sync_buffer_data ANDROID_EMU_read_color_buffer_dma GL_OES_vertex_array_object GL_KHR_texture_compression_astc_ldr ANDROID_EMU_host_side_tracing ANDROID_EMU_gles_max_version_2
07-20 11:38:04.159  7950  7950 D LifecycleMonitor: Lifecycle status change: androidx.test.core.app.InstrumentationActivityInvoker$BootstrapActivity@9862eff in: PRE_ON_CREATE
07-20 11:38:04.159  7950  7950 V ActivityScenario: Activity lifecycle changed event received but ignored because the intent does not match. startActivityIntent=Intent { act=android.intent.action.MAIN cat=[android.intent.category.LAUNCHER] cmp=com.example.lunchtray/androidx.fragment.app.testing.FragmentScenario$EmptyFragmentActivity (has extras) }, activity.getIntent()=Intent { act=android.intent.action.MAIN cat=[android.intent.category.LAUNCHER] flg=0x10008000 cmp=com.example.lunchtray/androidx.test.core.app.InstrumentationActivityInvoker$BootstrapActivity (has extras) }, activity=androidx.test.core.app.InstrumentationActivityInvoker$BootstrapActivity@9862eff
07-20 11:38:04.159  7950  7950 V ActivityScenario: Activity lifecycle changed event received but ignored because the intent does not match. startActivityIntent=Intent { act=android.intent.action.MAIN cat=[android.intent.category.LAUNCHER] cmp=com.example.lunchtray/.MainActivity }, activity.getIntent()=Intent { act=android.intent.action.MAIN cat=[android.intent.category.LAUNCHER] flg=0x10008000 cmp=com.example.lunchtray/androidx.test.core.app.InstrumentationActivityInvoker$BootstrapActivity (has extras) }, activity=androidx.test.core.app.InstrumentationActivityInvoker$BootstrapActivity@9862eff
07-20 11:38:04.165   412   437 D goldfish-address-space: claimShared: Ask to claim region [0x3f7153000 0x3f7ab8000]
07-20 11:38:04.166  7950  7950 D LifecycleMonitor: Lifecycle status change: androidx.test.core.app.InstrumentationActivityInvoker$BootstrapActivity@9862eff in: CREATED
07-20 11:38:04.167  7950  7950 V ActivityScenario: Activity lifecycle changed event received but ignored because the intent does not match. startActivityIntent=Intent { act=android.intent.action.MAIN cat=[android.intent.category.LAUNCHER] cmp=com.example.lunchtray/androidx.fragment.app.testing.FragmentScenario$EmptyFragmentActivity (has extras) }, activity.getIntent()=Intent { act=android.intent.action.MAIN cat=[android.intent.category.LAUNCHER] flg=0x10008000 cmp=com.example.lunchtray/androidx.test.core.app.InstrumentationActivityInvoker$BootstrapActivity (has extras) }, activity=androidx.test.core.app.InstrumentationActivityInvoker$BootstrapActivity@9862eff
07-20 11:38:04.167  7950  7950 V ActivityScenario: Activity lifecycle changed event received but ignored because the intent does not match. startActivityIntent=Intent { act=android.intent.action.MAIN cat=[android.intent.category.LAUNCHER] cmp=com.example.lunchtray/.MainActivity }, activity.getIntent()=Intent { act=android.intent.action.MAIN cat=[android.intent.category.LAUNCHER] flg=0x10008000 cmp=com.example.lunchtray/androidx.test.core.app.InstrumentationActivityInvoker$BootstrapActivity (has extras) }, activity=androidx.test.core.app.InstrumentationActivityInvoker$BootstrapActivity@9862eff
07-20 11:38:04.168  7950  7950 D LifecycleMonitor: Lifecycle status change: androidx.test.core.app.InstrumentationActivityInvoker$BootstrapActivity@9862eff in: STARTED
07-20 11:38:04.169  7950  7950 V ActivityScenario: Activity lifecycle changed event received but ignored because the intent does not match. startActivityIntent=Intent { act=android.intent.action.MAIN cat=[android.intent.category.LAUNCHER] cmp=com.example.lunchtray/androidx.fragment.app.testing.FragmentScenario$EmptyFragmentActivity (has extras) }, activity.getIntent()=Intent { act=android.intent.action.MAIN cat=[android.intent.category.LAUNCHER] flg=0x10008000 cmp=com.example.lunchtray/androidx.test.core.app.InstrumentationActivityInvoker$BootstrapActivity (has extras) }, activity=androidx.test.core.app.InstrumentationActivityInvoker$BootstrapActivity@9862eff
07-20 11:38:04.169  7950  7950 V ActivityScenario: Activity lifecycle changed event received but ignored because the intent does not match. startActivityIntent=Intent { act=android.intent.action.MAIN cat=[android.intent.category.LAUNCHER] cmp=com.example.lunchtray/.MainActivity }, activity.getIntent()=Intent { act=android.intent.action.MAIN cat=[android.intent.category.LAUNCHER] flg=0x10008000 cmp=com.example.lunchtray/androidx.test.core.app.InstrumentationActivityInvoker$BootstrapActivity (has extras) }, activity=androidx.test.core.app.InstrumentationActivityInvoker$BootstrapActivity@9862eff
07-20 11:38:04.171   611  1984 D DevicePolicyManagerService: No updated drawable found for drawable id WORK_PROFILE_ICON
07-20 11:38:04.175   412   437 D goldfish-address-space: claimShared: Ask to claim region [0x3f4000000 0x3f4965000]
07-20 11:38:04.177   412   435 D goldfish-address-space: claimShared: Ask to claim region [0x3f4965000 0x3f52ca000]
07-20 11:38:04.181  7950  7950 D LifecycleMonitor: Lifecycle status change: androidx.test.core.app.InstrumentationActivityInvoker$BootstrapActivity@9862eff in: RESUMED
07-20 11:38:04.182  7950  7950 V ActivityScenario: Activity lifecycle changed event received but ignored because the intent does not match. startActivityIntent=Intent { act=android.intent.action.MAIN cat=[android.intent.category.LAUNCHER] cmp=com.example.lunchtray/androidx.fragment.app.testing.FragmentScenario$EmptyFragmentActivity (has extras) }, activity.getIntent()=Intent { act=android.intent.action.MAIN cat=[android.intent.category.LAUNCHER] flg=0x10008000 cmp=com.example.lunchtray/androidx.test.core.app.InstrumentationActivityInvoker$BootstrapActivity (has extras) }, activity=androidx.test.core.app.InstrumentationActivityInvoker$BootstrapActivity@9862eff
07-20 11:38:04.182  7950  7950 V ActivityScenario: Activity lifecycle changed event received but ignored because the intent does not match. startActivityIntent=Intent { act=android.intent.action.MAIN cat=[android.intent.category.LAUNCHER] cmp=com.example.lunchtray/.MainActivity }, activity.getIntent()=Intent { act=android.intent.action.MAIN cat=[android.intent.category.LAUNCHER] flg=0x10008000 cmp=com.example.lunchtray/androidx.test.core.app.InstrumentationActivityInvoker$BootstrapActivity (has extras) }, activity=androidx.test.core.app.InstrumentationActivityInvoker$BootstrapActivity@9862eff
07-20 11:38:04.190  7950  7950 D LifecycleMonitor: Lifecycle status change: androidx.test.core.app.InstrumentationActivityInvoker$BootstrapActivity@9862eff in: PAUSED
07-20 11:38:04.190  7950  7950 V ActivityScenario: Activity lifecycle changed event received but ignored because the intent does not match. startActivityIntent=Intent { act=android.intent.action.MAIN cat=[android.intent.category.LAUNCHER] cmp=com.example.lunchtray/androidx.fragment.app.testing.FragmentScenario$EmptyFragmentActivity (has extras) }, activity.getIntent()=Intent { act=android.intent.action.MAIN cat=[android.intent.category.LAUNCHER] flg=0x10008000 cmp=com.example.lunchtray/androidx.test.core.app.InstrumentationActivityInvoker$BootstrapActivity (has extras) }, activity=androidx.test.core.app.InstrumentationActivityInvoker$BootstrapActivity@9862eff
07-20 11:38:04.190  7950  7950 V ActivityScenario: Activity lifecycle changed event received but ignored because the intent does not match. startActivityIntent=Intent { act=android.intent.action.MAIN cat=[android.intent.category.LAUNCHER] cmp=com.example.lunchtray/.MainActivity }, activity.getIntent()=Intent { act=android.intent.action.MAIN cat=[android.intent.category.LAUNCHER] flg=0x10008000 cmp=com.example.lunchtray/androidx.test.core.app.InstrumentationActivityInvoker$BootstrapActivity (has extras) }, activity=androidx.test.core.app.InstrumentationActivityInvoker$BootstrapActivity@9862eff
07-20 11:38:04.207  7950  7950 D LifecycleMonitor: Lifecycle status change: com.example.lunchtray.MainActivity@27fcfd0 in: PRE_ON_CREATE
07-20 11:38:04.207  7950  7950 V ActivityScenario: Activity lifecycle changed event received but ignored because the intent does not match. startActivityIntent=Intent { act=android.intent.action.MAIN cat=[android.intent.category.LAUNCHER] cmp=com.example.lunchtray/androidx.fragment.app.testing.FragmentScenario$EmptyFragmentActivity (has extras) }, activity.getIntent()=Intent { act=android.intent.action.MAIN cat=[android.intent.category.LAUNCHER] cmp=com.example.lunchtray/.MainActivity }, activity=com.example.lunchtray.MainActivity@27fcfd0
07-20 11:38:04.208  7950  7950 V ActivityScenario: Activity lifecycle changed event received but ignored because the reported transition was not ON_CREATE while the last known transition was PRE_ON_CREATE
07-20 11:38:04.220  1736  1736 I A       : onApplyWindowInsets: systemWindowInsets=Insets{left=0, top=56, right=0, bottom=37}
07-20 11:38:04.220  1736  1736 I A       : onApplyWindowInsets: systemWindowInsets=Insets{left=0, top=56, right=0, bottom=37}
07-20 11:38:04.228  7950  7950 D LifecycleMonitor: Lifecycle status change: com.example.lunchtray.MainActivity@27fcfd0 in: CREATED
07-20 11:38:04.229  7950  7950 V ActivityScenario: Activity lifecycle changed event received but ignored because the intent does not match. startActivityIntent=Intent { act=android.intent.action.MAIN cat=[android.intent.category.LAUNCHER] cmp=com.example.lunchtray/androidx.fragment.app.testing.FragmentScenario$EmptyFragmentActivity (has extras) }, activity.getIntent()=Intent { act=android.intent.action.MAIN cat=[android.intent.category.LAUNCHER] cmp=com.example.lunchtray/.MainActivity }, activity=com.example.lunchtray.MainActivity@27fcfd0
07-20 11:38:04.229  7950  7950 V ActivityScenario: Update currentActivityStage to CREATED, currentActivity=com.example.lunchtray.MainActivity@27fcfd0
07-20 11:38:04.238  7950  7950 D LifecycleMonitor: Lifecycle status change: com.example.lunchtray.MainActivity@27fcfd0 in: STARTED
07-20 11:38:04.238  7950  7950 V ActivityScenario: Activity lifecycle changed event received but ignored because the intent does not match. startActivityIntent=Intent { act=android.intent.action.MAIN cat=[android.intent.category.LAUNCHER] cmp=com.example.lunchtray/androidx.fragment.app.testing.FragmentScenario$EmptyFragmentActivity (has extras) }, activity.getIntent()=Intent { act=android.intent.action.MAIN cat=[android.intent.category.LAUNCHER] cmp=com.example.lunchtray/.MainActivity }, activity=com.example.lunchtray.MainActivity@27fcfd0
07-20 11:38:04.238  7950  7950 V ActivityScenario: Update currentActivityStage to STARTED, currentActivity=com.example.lunchtray.MainActivity@27fcfd0
07-20 11:38:04.239  7950  7950 D LifecycleMonitor: Lifecycle status change: com.example.lunchtray.MainActivity@27fcfd0 in: RESUMED
07-20 11:38:04.240  7950  7950 V ActivityScenario: Activity lifecycle changed event received but ignored because the intent does not match. startActivityIntent=Intent { act=android.intent.action.MAIN cat=[android.intent.category.LAUNCHER] cmp=com.example.lunchtray/androidx.fragment.app.testing.FragmentScenario$EmptyFragmentActivity (has extras) }, activity.getIntent()=Intent { act=android.intent.action.MAIN cat=[android.intent.category.LAUNCHER] cmp=com.example.lunchtray/.MainActivity }, activity=com.example.lunchtray.MainActivity@27fcfd0
07-20 11:38:04.240  7950  7950 V ActivityScenario: Update currentActivityStage to RESUMED, currentActivity=com.example.lunchtray.MainActivity@27fcfd0
07-20 11:38:04.254  1482  1482 I GsaVoiceInteractionSrv: Handling ACTION_STOP_HOTWORD
07-20 11:38:04.254  1482  1482 E HwDetectorWithState: a: 3
07-20 11:38:04.269   412   437 D goldfish-address-space: claimShared: Ask to claim region [0x3f0000000 0x3f0965000]
07-20 11:38:04.272   412   437 D goldfish-address-space: claimShared: Ask to claim region [0x3f0965000 0x3f12ca000]
07-20 11:38:04.274   412   437 D goldfish-address-space: claimShared: Ask to claim region [0x3f5e89000 0x3f67ee000]
07-20 11:38:04.286   611   634 W ziparchive: Unable to open '/data/app/~~0czPUI9Sk-LfKlPej92m5w==/com.example.lunchtray-cRUbCqr5V2EiEm5VqobDdQ==/base.dm': No such file or directory
07-20 11:38:04.286   611   634 I ActivityTaskManager: Displayed com.example.lunchtray/.MainActivity: +146ms
07-20 11:38:04.290  7950  7950 D RootViewPicker: Root not ready - waiting: 10ms for one to appear.
07-20 11:38:04.291  7950  7950 D LifecycleMonitor: Lifecycle status change: androidx.test.core.app.InstrumentationActivityInvoker$BootstrapActivity@9862eff in: STOPPED
07-20 11:38:04.291  7950  7950 V ActivityScenario: Activity lifecycle changed event received but ignored because the intent does not match. startActivityIntent=Intent { act=android.intent.action.MAIN cat=[android.intent.category.LAUNCHER] cmp=com.example.lunchtray/androidx.fragment.app.testing.FragmentScenario$EmptyFragmentActivity (has extras) }, activity.getIntent()=Intent { act=android.intent.action.MAIN cat=[android.intent.category.LAUNCHER] flg=0x10008000 cmp=com.example.lunchtray/androidx.test.core.app.InstrumentationActivityInvoker$BootstrapActivity (has extras) }, activity=androidx.test.core.app.InstrumentationActivityInvoker$BootstrapActivity@9862eff
07-20 11:38:04.297  7950  7950 V ActivityScenario: Activity lifecycle changed event received but ignored because the intent does not match. startActivityIntent=Intent { act=android.intent.action.MAIN cat=[android.intent.category.LAUNCHER] cmp=com.example.lunchtray/.MainActivity }, activity.getIntent()=Intent { act=android.intent.action.MAIN cat=[android.intent.category.LAUNCHER] flg=0x10008000 cmp=com.example.lunchtray/androidx.test.core.app.InstrumentationActivityInvoker$BootstrapActivity (has extras) }, activity=androidx.test.core.app.InstrumentationActivityInvoker$BootstrapActivity@9862eff
07-20 11:38:04.303   611  1984 W InputManager-JNI: Input channel object '69ce172 Splash Screen com.example.lunchtray (client)' was disposed without first being removed with the input manager!
07-20 11:38:04.307  1398  1398 I GoogleInputMethodService: GoogleInputMethodService.onFinishInput():3316
07-20 11:38:04.308  1398  1398 I GoogleInputMethodService: GoogleInputMethodService.updateDeviceLockedStatus():2181 checkRepeatedly = false, unlocked = true
07-20 11:38:04.308  1398  1398 I GoogleInputMethodService: GoogleInputMethodService.onStartInput():1989
07-20 11:38:04.310  1398  1398 I GoogleInputMethodService: GoogleInputMethodService.updateDeviceLockedStatus():2181 checkRepeatedly = true, unlocked = true
07-20 11:38:04.343  7950  7950 I ViewInteraction: Performing 'single click' action on view view.getId() is <2131231208/com.example.lunchtray:id/start_order_btn>
07-20 11:38:04.345   821   821 D NoBackGesture: Start gesture: MotionEvent { action=ACTION_DOWN, actionButton=0, id[0]=0, x[0]=539.5, y[0]=1224.5, toolType[0]=TOOL_TYPE_UNKNOWN, buttonState=BUTTON_PRIMARY, classification=NONE, metaState=0, flags=0x0, edgeFlags=0x0, pointerCount=1, historySize=0, eventTime=810143, downTime=810143, deviceId=-1, source=0x1002, displayId=0, eventId=-898939780 }
07-20 11:38:04.346   821   821 D NoBackGesture: Gesture [1658317084345,alw=FALSE,FALSE,TRUE,FALSE,disp=Point(1080, 2280),wl=70,il=0,wr=70,ir=0,excl=SkRegion()]
07-20 11:38:04.645  7950  7950 I ViewInteraction: Performing 'single click' action on view view.getId() is <2131230844/com.example.lunchtray:id/cauliflower>
07-20 11:38:04.647   821   821 D NoBackGesture: Start gesture: MotionEvent { action=ACTION_DOWN, actionButton=0, id[0]=0, x[0]=160.0, y[0]=242.5, toolType[0]=TOOL_TYPE_UNKNOWN, buttonState=BUTTON_PRIMARY, classification=NONE, metaState=0, flags=0x0, edgeFlags=0x0, pointerCount=1, historySize=0, eventTime=810445, downTime=810445, deviceId=-1, source=0x1002, displayId=0, eventId=-734962465 }
07-20 11:38:04.647   821   821 D NoBackGesture: Gesture [1658317084647,alw=FALSE,FALSE,TRUE,FALSE,disp=Point(1080, 2280),wl=70,il=0,wr=70,ir=0,excl=SkRegion()]
07-20 11:38:04.996  7950  7950 I ViewInteraction: Performing 'single click' action on view view.getId() is <2131231081/com.example.lunchtray:id/next_button>
07-20 11:38:04.998   821   821 D NoBackGesture: Start gesture: MotionEvent { action=ACTION_DOWN, actionButton=0, id[0]=0, x[0]=800.5, y[0]=1343.5, toolType[0]=TOOL_TYPE_UNKNOWN, buttonState=BUTTON_PRIMARY, classification=NONE, metaState=0, flags=0x0, edgeFlags=0x0, pointerCount=1, historySize=0, eventTime=810796, downTime=810796, deviceId=-1, source=0x1002, displayId=0, eventId=-455903165 }
07-20 11:38:04.998   821   821 D NoBackGesture: Gesture [1658317084998,alw=FALSE,FALSE,TRUE,FALSE,disp=Point(1080, 2280),wl=70,il=0,wr=70,ir=0,excl=SkRegion()]
07-20 11:38:05.329  7950  7950 I ViewInteraction: Performing 'single click' action on view view.getId() is <2131231138/com.example.lunchtray:id/salad>
07-20 11:38:05.331   821   821 D NoBackGesture: Start gesture: MotionEvent { action=ACTION_DOWN, actionButton=0, id[0]=0, x[0]=184.0, y[0]=242.5, toolType[0]=TOOL_TYPE_UNKNOWN, buttonState=BUTTON_PRIMARY, classification=NONE, metaState=0, flags=0x0, edgeFlags=0x0, pointerCount=1, historySize=0, eventTime=811129, downTime=811129, deviceId=-1, source=0x1002, displayId=0, eventId=-334744031 }
07-20 11:38:05.332   821   821 D NoBackGesture: Gesture [1658317085332,alw=FALSE,FALSE,TRUE,FALSE,disp=Point(1080, 2280),wl=70,il=0,wr=70,ir=0,excl=SkRegion()]
07-20 11:38:05.442  7950  7976 D EGL_emulation: app_time_stats: avg=64.42ms min=7.03ms max=316.29ms count=18
07-20 11:38:05.509   473   568 D AudioFlinger: mixer(0x76d9d991aa10) throttle end: throttle time(32)
07-20 11:38:05.699  7950  7950 I ViewInteraction: Performing 'single click' action on view view.getId() is <2131231081/com.example.lunchtray:id/next_button>
07-20 11:38:05.701   821   821 D NoBackGesture: Start gesture: MotionEvent { action=ACTION_DOWN, actionButton=0, id[0]=0, x[0]=800.5, y[0]=1277.5, toolType[0]=TOOL_TYPE_UNKNOWN, buttonState=BUTTON_PRIMARY, classification=NONE, metaState=0, flags=0x0, edgeFlags=0x0, pointerCount=1, historySize=0, eventTime=811498, downTime=811498, deviceId=-1, source=0x1002, displayId=0, eventId=-5297460 }
07-20 11:38:05.701   821   821 D NoBackGesture: Gesture [1658317085701,alw=FALSE,FALSE,TRUE,FALSE,disp=Point(1080, 2280),wl=70,il=0,wr=70,ir=0,excl=SkRegion()]
07-20 11:38:06.032  7950  7950 I ViewInteraction: Performing 'single click' action on view view.getId() is <2131230835/com.example.lunchtray:id/bread>
07-20 11:38:06.036   821   821 D NoBackGesture: Start gesture: MotionEvent { action=ACTION_DOWN, actionButton=0, id[0]=0, x[0]=154.0, y[0]=242.5, toolType[0]=TOOL_TYPE_UNKNOWN, buttonState=BUTTON_PRIMARY, classification=NONE, metaState=0, flags=0x0, edgeFlags=0x0, pointerCount=1, historySize=0, eventTime=811832, downTime=811832, deviceId=-1, source=0x1002, displayId=0, eventId=-504649033 }
07-20 11:38:06.036   821   821 D NoBackGesture: Gesture [1658317086036,alw=FALSE,FALSE,TRUE,FALSE,disp=Point(1080, 2280),wl=70,il=0,wr=70,ir=0,excl=SkRegion()]
07-20 11:38:06.397  7950  7950 I ViewInteraction: Performing 'single click' action on view view.getId() is <2131231081/com.example.lunchtray:id/next_button>
07-20 11:38:06.400   821   821 D NoBackGesture: Start gesture: MotionEvent { action=ACTION_DOWN, actionButton=0, id[0]=0, x[0]=800.5, y[0]=1049.5, toolType[0]=TOOL_TYPE_UNKNOWN, buttonState=BUTTON_PRIMARY, classification=NONE, metaState=0, flags=0x0, edgeFlags=0x0, pointerCount=1, historySize=0, eventTime=812197, downTime=812197, deviceId=-1, source=0x1002, displayId=0, eventId=-892685469 }
07-20 11:38:06.400   821   821 D NoBackGesture: Gesture [1658317086400,alw=FALSE,FALSE,TRUE,FALSE,disp=Point(1080, 2280),wl=70,il=0,wr=70,ir=0,excl=SkRegion()]
07-20 11:38:06.464  7950  7976 D EGL_emulation: app_time_stats: avg=68.44ms min=2.47ms max=281.74ms count=14
07-20 11:38:06.729  7950  7950 I ViewInteraction: Performing 'single click' action on view view.getId() is <2131230842/com.example.lunchtray:id/cancel_button>
07-20 11:38:06.732   821   821 D NoBackGesture: Start gesture: MotionEvent { action=ACTION_DOWN, actionButton=0, id[0]=0, x[0]=539.5, y[0]=856.5, toolType[0]=TOOL_TYPE_UNKNOWN, buttonState=BUTTON_PRIMARY, classification=NONE, metaState=0, flags=0x0, edgeFlags=0x0, pointerCount=1, historySize=0, eventTime=812529, downTime=812529, deviceId=-1, source=0x1002, displayId=0, eventId=-94485830 }
07-20 11:38:06.733   821   821 D NoBackGesture: Gesture [1658317086732,alw=FALSE,FALSE,TRUE,FALSE,disp=Point(1080, 2280),wl=70,il=0,wr=70,ir=0,excl=SkRegion()]
07-20 11:38:07.068  7950  7950 I ViewInteraction: Performing 'single click' action on view view.getId() is <2131231208/com.example.lunchtray:id/start_order_btn>
07-20 11:38:07.072   821   821 D NoBackGesture: Start gesture: MotionEvent { action=ACTION_DOWN, actionButton=0, id[0]=0, x[0]=539.5, y[0]=1224.5, toolType[0]=TOOL_TYPE_UNKNOWN, buttonState=BUTTON_PRIMARY, classification=NONE, metaState=0, flags=0x0, edgeFlags=0x0, pointerCount=1, historySize=0, eventTime=812868, downTime=812868, deviceId=-1, source=0x1002, displayId=0, eventId=-157471616 }
07-20 11:38:07.073   821   821 D NoBackGesture: Gesture [1658317087073,alw=FALSE,FALSE,TRUE,FALSE,disp=Point(1080, 2280),wl=70,il=0,wr=70,ir=0,excl=SkRegion()]
07-20 11:38:07.364  7950  7950 I ViewInteraction: Checking 'MatchesViewAssertion{viewMatcher=(view has effective visibility <VISIBLE> and view.getGlobalVisibleRect() to return non-empty rectangle)}' assertion on view an instance of android.widget.TextView and view.getText() with or without transformation to match: is "Subtotal: $0.00"
07-20 11:38:07.365  7950  7973 I TestRunner: finished: order_reset_after_cancel_from_checkout(com.example.lunchtray.OrderFunctionalityTests)
