07-20 11:38:02.366  7950  7973 I TestRunner: started: radio_buttons_update_entree_menu_subtotal(com.example.lunchtray.OrderFunctionalityTests)
07-20 11:38:02.370  7950  7973 W Settings: Setting always_finish_activities has moved from android.provider.Settings.System to android.provider.Settings.Global, returning read-only value.
07-20 11:38:02.376   611  1990 D DevicePolicyManagerService: No updated drawable found for drawable id WORK_PROFILE_ICON
07-20 11:38:02.398   412   437 D goldfish-address-space: claimShared: Ask to claim region [0x3f2ad6000 0x3f343b000]
07-20 11:38:02.403  7950  7950 D LifecycleMonitor: Lifecycle status change: androidx.test.core.app.InstrumentationActivityInvoker$BootstrapActivity@94250d9 in: PRE_ON_CREATE
07-20 11:38:02.404  7950  7950 V ActivityScenario: Activity lifecycle changed event received but ignored because the intent does not match. startActivityIntent=Intent { act=android.intent.action.MAIN cat=[android.intent.category.LAUNCHER] cmp=com.example.lunchtray/androidx.fragment.app.testing.FragmentScenario$EmptyFragmentActivity (has extras) }, activity.getIntent()=Intent { act=android.intent.action.MAIN cat=[android.intent.category.LAUNCHER] flg=0x10008000 cmp=com.example.lunchtray/androidx.test.core.app.InstrumentationActivityInvoker$BootstrapActivity (has extras) }, activity=androidx.test.core.app.InstrumentationActivityInvoker$BootstrapActivity@94250d9
07-20 11:38:02.404   412   437 D goldfish-address-space: claimShared: Ask to claim region [0x3f5e89000 0x3f67ee000]
07-20 11:38:02.405   412   435 D goldfish-address-space: claimShared: Ask to claim region [0x3f67ee000 0x3f7153000]
07-20 11:38:02.409  7950  7950 D LifecycleMonitor: Lifecycle status change: androidx.test.core.app.InstrumentationActivityInvoker$BootstrapActivity@94250d9 in: CREATED
07-20 11:38:02.409  7950  7950 V ActivityScenario: Activity lifecycle changed event received but ignored because the intent does not match. startActivityIntent=Intent { act=android.intent.action.MAIN cat=[android.intent.category.LAUNCHER] cmp=com.example.lunchtray/androidx.fragment.app.testing.FragmentScenario$EmptyFragmentActivity (has extras) }, activity.getIntent()=Intent { act=android.intent.action.MAIN cat=[android.intent.category.LAUNCHER] flg=0x10008000 cmp=com.example.lunchtray/androidx.test.core.app.InstrumentationActivityInvoker$BootstrapActivity (has extras) }, activity=androidx.test.core.app.InstrumentationActivityInvoker$BootstrapActivity@94250d9
07-20 11:38:02.410  7950  7950 D LifecycleMonitor: Lifecycle status change: androidx.test.core.app.InstrumentationActivityInvoker$BootstrapActivity@94250d9 in: STARTED
07-20 11:38:02.410  7950  7950 V ActivityScenario: Activity lifecycle changed event received but ignored because the intent does not match. startActivityIntent=Intent { act=android.intent.action.MAIN cat=[android.intent.category.LAUNCHER] cmp=com.example.lunchtray/androidx.fragment.app.testing.FragmentScenario$EmptyFragmentActivity (has extras) }, activity.getIntent()=Intent { act=android.intent.action.MAIN cat=[android.intent.category.LAUNCHER] flg=0x10008000 cmp=com.example.lunchtray/androidx.test.core.app.InstrumentationActivityInvoker$BootstrapActivity (has extras) }, activity=androidx.test.core.app.InstrumentationActivityInvoker$BootstrapActivity@94250d9
07-20 11:38:02.414   611  1990 D DevicePolicyManagerService: No updated drawable found for drawable id WORK_PROFILE_ICON
07-20 11:38:02.418  7950  7950 D LifecycleMonitor: Lifecycle status change: androidx.test.core.app.InstrumentationActivityInvoker$BootstrapActivity@94250d9 in: RESUMED
07-20 11:38:02.419  7950  7950 V ActivityScenario: Activity lifecycle changed event received but ignored because the intent does not match. startActivityIntent=Intent { act=android.intent.action.MAIN cat=[android.intent.category.LAUNCHER] cmp=com.example.lunchtray/androidx.fragment.app.testing.FragmentScenario$EmptyFragmentActivity (has extras) }, activity.getIntent()=Intent { act=android.intent.action.MAIN cat=[android.intent.category.LAUNCHER] flg=0x10008000 cmp=com.example.lunchtray/androidx.test.core.app.InstrumentationActivityInvoker$BootstrapActivity (has extras) }, activity=androidx.test.core.app.InstrumentationActivityInvoker$BootstrapActivity@94250d9
07-20 11:38:02.421  7950  7950 D LifecycleMonitor: Lifecycle status change: androidx.test.core.app.InstrumentationActivityInvoker$BootstrapActivity@94250d9 in: PAUSED
07-20 11:38:02.421  7950  7950 V ActivityScenario: Activity lifecycle changed event received but ignored because the intent does not match. startActivityIntent=Intent { act=android.intent.action.MAIN cat=[android.intent.category.LAUNCHER] cmp=com.example.lunchtray/androidx.fragment.app.testing.FragmentScenario$EmptyFragmentActivity (has extras) }, activity.getIntent()=Intent { act=android.intent.action.MAIN cat=[android.intent.category.LAUNCHER] flg=0x10008000 cmp=com.example.lunchtray/androidx.test.core.app.InstrumentationActivityInvoker$BootstrapActivity (has extras) }, activity=androidx.test.core.app.InstrumentationActivityInvoker$BootstrapActivity@94250d9
07-20 11:38:02.431  7950  7950 D LifecycleMonitor: Lifecycle status change: androidx.fragment.app.testing.FragmentScenario$EmptyFragmentActivity@1c1ee4d in: PRE_ON_CREATE
07-20 11:38:02.431  7950  7950 V ActivityScenario: Activity lifecycle changed event received but ignored because the reported transition was not ON_CREATE while the last known transition was PRE_ON_CREATE
07-20 11:38:02.434  7950  7950 D LifecycleMonitor: Lifecycle status change: androidx.fragment.app.testing.FragmentScenario$EmptyFragmentActivity@1c1ee4d in: CREATED
07-20 11:38:02.435  7950  7950 V ActivityScenario: Update currentActivityStage to CREATED, currentActivity=androidx.fragment.app.testing.FragmentScenario$EmptyFragmentActivity@1c1ee4d
07-20 11:38:02.435  7950  7950 D LifecycleMonitor: Lifecycle status change: androidx.fragment.app.testing.FragmentScenario$EmptyFragmentActivity@1c1ee4d in: STARTED
07-20 11:38:02.436  7950  7950 V ActivityScenario: Update currentActivityStage to STARTED, currentActivity=androidx.fragment.app.testing.FragmentScenario$EmptyFragmentActivity@1c1ee4d
07-20 11:38:02.436  7950  7950 D LifecycleMonitor: Lifecycle status change: androidx.fragment.app.testing.FragmentScenario$EmptyFragmentActivity@1c1ee4d in: RESUMED
07-20 11:38:02.436  7950  7950 V ActivityScenario: Update currentActivityStage to RESUMED, currentActivity=androidx.fragment.app.testing.FragmentScenario$EmptyFragmentActivity@1c1ee4d
07-20 11:38:02.454   412   435 D goldfish-address-space: claimShared: Ask to claim region [0x3f4000000 0x3f4965000]
07-20 11:38:02.459   412   435 D goldfish-address-space: claimShared: Ask to claim region [0x3f4965000 0x3f52ca000]
07-20 11:38:02.463   412   435 D goldfish-address-space: claimShared: Ask to claim region [0x3fb2a6000 0x3fbc0b000]
07-20 11:38:02.474   611   634 W ziparchive: Unable to open '/data/app/~~0czPUI9Sk-LfKlPej92m5w==/com.example.lunchtray-cRUbCqr5V2EiEm5VqobDdQ==/base.dm': No such file or directory
07-20 11:38:02.475   611   634 I ActivityTaskManager: Displayed com.example.lunchtray/androidx.fragment.app.testing.FragmentScenario$EmptyFragmentActivity: +98ms
07-20 11:38:02.489  1482  1482 I GsaVoiceInteractionSrv: Handling ACTION_STOP_HOTWORD
07-20 11:38:02.489  1482  1482 E HwDetectorWithState: a: 3
07-20 11:38:02.497   611  2007 W InputManager-JNI: Input channel object '861f6a1 Splash Screen com.example.lunchtray (client)' was disposed without first being removed with the input manager!
07-20 11:38:02.501  7950  7950 D LifecycleMonitor: Lifecycle status change: androidx.test.core.app.InstrumentationActivityInvoker$BootstrapActivity@94250d9 in: STOPPED
07-20 11:38:02.501  7950  7950 V ActivityScenario: Activity lifecycle changed event received but ignored because the intent does not match. startActivityIntent=Intent { act=android.intent.action.MAIN cat=[android.intent.category.LAUNCHER] cmp=com.example.lunchtray/androidx.fragment.app.testing.FragmentScenario$EmptyFragmentActivity (has extras) }, activity.getIntent()=Intent { act=android.intent.action.MAIN cat=[android.intent.category.LAUNCHER] flg=0x10008000 cmp=com.example.lunchtray/androidx.test.core.app.InstrumentationActivityInvoker$BootstrapActivity (has extras) }, activity=androidx.test.core.app.InstrumentationActivityInvoker$BootstrapActivity@94250d9
07-20 11:38:02.509  1398  1398 I GoogleInputMethodService: GoogleInputMethodService.onFinishInput():3316
07-20 11:38:02.511  1398  1398 I GoogleInputMethodService: GoogleInputMethodService.updateDeviceLockedStatus():2181 checkRepeatedly = false, unlocked = true
07-20 11:38:02.511  1398  1398 I GoogleInputMethodService: GoogleInputMethodService.onStartInput():1989
07-20 11:38:02.511  1398  1398 I GoogleInputMethodService: GoogleInputMethodService.updateDeviceLockedStatus():2181 checkRepeatedly = true, unlocked = true
07-20 11:38:02.529  7950  7950 I ViewInteraction: Performing 'single click' action on view view.getId() is <2131230844/com.example.lunchtray:id/cauliflower>
07-20 11:38:02.532   821   821 D NoBackGesture: Start gesture: MotionEvent { action=ACTION_DOWN, actionButton=0, id[0]=0, x[0]=160.0, y[0]=93.0, toolType[0]=TOOL_TYPE_UNKNOWN, buttonState=BUTTON_PRIMARY, classification=NONE, metaState=0, flags=0x0, edgeFlags=0x0, pointerCount=1, historySize=0, eventTime=808329, downTime=808329, deviceId=-1, source=0x1002, displayId=0, eventId=-548053857 }
07-20 11:38:02.532   821   821 D NoBackGesture: Gesture [1658317082532,alw=FALSE,FALSE,TRUE,FALSE,disp=Point(1080, 2280),wl=70,il=0,wr=70,ir=0,excl=SkRegion()]
07-20 11:38:02.902  7950  7950 I ViewInteraction: Checking 'MatchesViewAssertion{viewMatcher=an instance of android.widget.TextView and view.getText() with or without transformation to match: a string containing "Subtotal: $7.00"}' assertion on view view.getId() is <2131231217/com.example.lunchtray:id/subtotal>
07-20 11:38:02.903  7950  7950 I ViewInteraction: Performing 'single click' action on view view.getId() is <2131230858/com.example.lunchtray:id/chili>
07-20 11:38:02.905   821   821 D NoBackGesture: Start gesture: MotionEvent { action=ACTION_DOWN, actionButton=0, id[0]=0, x[0]=198.5, y[0]=284.0, toolType[0]=TOOL_TYPE_UNKNOWN, buttonState=BUTTON_PRIMARY, classification=NONE, metaState=0, flags=0x0, edgeFlags=0x0, pointerCount=1, historySize=0, eventTime=808702, downTime=808702, deviceId=-1, source=0x1002, displayId=0, eventId=-73453940 }
07-20 11:38:02.905   821   821 D NoBackGesture: Gesture [1658317082905,alw=FALSE,FALSE,TRUE,FALSE,disp=Point(1080, 2280),wl=70,il=0,wr=70,ir=0,excl=SkRegion()]
07-20 11:38:03.267  7950  7950 I ViewInteraction: Checking 'MatchesViewAssertion{viewMatcher=an instance of android.widget.TextView and view.getText() with or without transformation to match: a string containing "Subtotal: $4.00"}' assertion on view view.getId() is <2131231217/com.example.lunchtray:id/subtotal>
07-20 11:38:03.270  7950  7950 I ViewInteraction: Performing 'single click' action on view view.getId() is <2131231106/com.example.lunchtray:id/pasta>
07-20 11:38:03.273   821   821 D NoBackGesture: Start gesture: MotionEvent { action=ACTION_DOWN, actionButton=0, id[0]=0, x[0]=203.5, y[0]=475.0, toolType[0]=TOOL_TYPE_UNKNOWN, buttonState=BUTTON_PRIMARY, classification=NONE, metaState=0, flags=0x0, edgeFlags=0x0, pointerCount=1, historySize=0, eventTime=809070, downTime=809070, deviceId=-1, source=0x1002, displayId=0, eventId=-214610317 }
07-20 11:38:03.273   821   821 D NoBackGesture: Gesture [1658317083273,alw=FALSE,FALSE,TRUE,FALSE,disp=Point(1080, 2280),wl=70,il=0,wr=70,ir=0,excl=SkRegion()]
07-20 11:38:03.631  7950  7950 I ViewInteraction: Checking 'MatchesViewAssertion{viewMatcher=an instance of android.widget.TextView and view.getText() with or without transformation to match: a string containing "Subtotal: $5.50"}' assertion on view view.getId() is <2131231217/com.example.lunchtray:id/subtotal>
07-20 11:38:03.634  7950  7950 I ViewInteraction: Performing 'single click' action on view view.getId() is <2131231175/com.example.lunchtray:id/skillet>
07-20 11:38:03.636   821   821 D NoBackGesture: Start gesture: MotionEvent { action=ACTION_DOWN, actionButton=0, id[0]=0, x[0]=254.5, y[0]=699.0, toolType[0]=TOOL_TYPE_UNKNOWN, buttonState=BUTTON_PRIMARY, classification=NONE, metaState=0, flags=0x0, edgeFlags=0x0, pointerCount=1, historySize=0, eventTime=809433, downTime=809433, deviceId=-1, source=0x1002, displayId=0, eventId=-324363950 }
07-20 11:38:03.636   821   821 D NoBackGesture: Gesture [1658317083636,alw=FALSE,FALSE,TRUE,FALSE,disp=Point(1080, 2280),wl=70,il=0,wr=70,ir=0,excl=SkRegion()]
07-20 11:38:03.696  7950  7976 D EGL_emulation: app_time_stats: avg=51.57ms min=1.68ms max=283.97ms count=22
07-20 11:38:03.999  7950  7950 I ViewInteraction: Checking 'MatchesViewAssertion{viewMatcher=an instance of android.widget.TextView and view.getText() with or without transformation to match: a string containing "Subtotal: $5.50"}' assertion on view view.getId() is <2131231217/com.example.lunchtray:id/subtotal>
07-20 11:38:04.000  7950  7973 I TestRunner: finished: radio_buttons_update_entree_menu_subtotal(com.example.lunchtray.OrderFunctionalityTests)
