07-20 11:37:42.658  7950  7973 I TestRunner: started: radio_buttons_update_side_menu_subtotal(com.example.lunchtray.OrderFunctionalityTests)
07-20 11:37:42.666  7950  7973 W Settings: Setting always_finish_activities has moved from android.provider.Settings.System to android.provider.Settings.Global, returning read-only value.
07-20 11:37:42.673  7950  7973 D CompatibilityChangeReporter: Compat change id reported: 160794467; UID 10171; state: ENABLED
07-20 11:37:42.677   611   624 D DevicePolicyManagerService: No updated drawable found for drawable id WORK_PROFILE_ICON
07-20 11:37:42.709   412   437 D goldfish-address-space: claimShared: Ask to claim region [0x3f4965000 0x3f52ca000]
07-20 11:37:42.714   412   437 D goldfish-address-space: claimShared: Ask to claim region [0x3f67ee000 0x3f7153000]
07-20 11:37:42.716  7950  7978 D libEGL  : loaded /vendor/lib64/egl/libEGL_emulation.so
07-20 11:37:42.718   412   437 D goldfish-address-space: claimShared: Ask to claim region [0x3f7153000 0x3f7ab8000]
07-20 11:37:42.718  7950  7978 D libEGL  : loaded /vendor/lib64/egl/libGLESv1_CM_emulation.so
07-20 11:37:42.720  7950  7978 D libEGL  : loaded /vendor/lib64/egl/libGLESv2_emulation.so
07-20 11:37:42.728  7950  7950 D LifecycleMonitor: Lifecycle status change: androidx.test.core.app.InstrumentationActivityInvoker$BootstrapActivity@8f3598d in: PRE_ON_CREATE
07-20 11:37:42.728  7950  7950 V ActivityScenario: Activity lifecycle changed event received but ignored because the intent does not match. startActivityIntent=Intent { act=android.intent.action.MAIN cat=[android.intent.category.LAUNCHER] cmp=com.example.lunchtray/androidx.fragment.app.testing.FragmentScenario$EmptyFragmentActivity (has extras) }, activity.getIntent()=Intent { act=android.intent.action.MAIN cat=[android.intent.category.LAUNCHER] flg=0x10008000 cmp=com.example.lunchtray/androidx.test.core.app.InstrumentationActivityInvoker$BootstrapActivity (has extras) }, activity=androidx.test.core.app.InstrumentationActivityInvoker$BootstrapActivity@8f3598d
07-20 11:37:42.732  7950  7950 D CompatibilityChangeReporter: Compat change id reported: 195946584; UID 10171; state: DISABLED
07-20 11:37:42.751  7950  7950 D CompatibilityChangeReporter: Compat change id reported: 210923482; UID 10171; state: DISABLED
07-20 11:37:42.751  7950  7950 D CompatibilityChangeReporter: Compat change id reported: 37756858; UID 10171; state: ENABLED
07-20 11:37:42.753  7950  7950 D LifecycleMonitor: Lifecycle status change: androidx.test.core.app.InstrumentationActivityInvoker$BootstrapActivity@8f3598d in: CREATED
07-20 11:37:42.754  7950  7950 V ActivityScenario: Activity lifecycle changed event received but ignored because the intent does not match. startActivityIntent=Intent { act=android.intent.action.MAIN cat=[android.intent.category.LAUNCHER] cmp=com.example.lunchtray/androidx.fragment.app.testing.FragmentScenario$EmptyFragmentActivity (has extras) }, activity.getIntent()=Intent { act=android.intent.action.MAIN cat=[android.intent.category.LAUNCHER] flg=0x10008000 cmp=com.example.lunchtray/androidx.test.core.app.InstrumentationActivityInvoker$BootstrapActivity (has extras) }, activity=androidx.test.core.app.InstrumentationActivityInvoker$BootstrapActivity@8f3598d
07-20 11:37:42.754  1736  1736 I A       : onApplyWindowInsets: systemWindowInsets=Insets{left=0, top=56, right=0, bottom=37}
07-20 11:37:42.755  1736  1736 I A       : onApplyWindowInsets: systemWindowInsets=Insets{left=0, top=56, right=0, bottom=37}
07-20 11:37:42.755  7950  7950 D LifecycleMonitor: Lifecycle status change: androidx.test.core.app.InstrumentationActivityInvoker$BootstrapActivity@8f3598d in: STARTED
07-20 11:37:42.755  7950  7950 V ActivityScenario: Activity lifecycle changed event received but ignored because the intent does not match. startActivityIntent=Intent { act=android.intent.action.MAIN cat=[android.intent.category.LAUNCHER] cmp=com.example.lunchtray/androidx.fragment.app.testing.FragmentScenario$EmptyFragmentActivity (has extras) }, activity.getIntent()=Intent { act=android.intent.action.MAIN cat=[android.intent.category.LAUNCHER] flg=0x10008000 cmp=com.example.lunchtray/androidx.test.core.app.InstrumentationActivityInvoker$BootstrapActivity (has extras) }, activity=androidx.test.core.app.InstrumentationActivityInvoker$BootstrapActivity@8f3598d
07-20 11:37:42.758   611  1991 D DevicePolicyManagerService: No updated drawable found for drawable id WORK_PROFILE_ICON
07-20 11:37:42.766  7950  7950 D LifecycleMonitor: Lifecycle status change: androidx.test.core.app.InstrumentationActivityInvoker$BootstrapActivity@8f3598d in: RESUMED
07-20 11:37:42.767  7950  7950 V ActivityScenario: Activity lifecycle changed event received but ignored because the intent does not match. startActivityIntent=Intent { act=android.intent.action.MAIN cat=[android.intent.category.LAUNCHER] cmp=com.example.lunchtray/androidx.fragment.app.testing.FragmentScenario$EmptyFragmentActivity (has extras) }, activity.getIntent()=Intent { act=android.intent.action.MAIN cat=[android.intent.category.LAUNCHER] flg=0x10008000 cmp=com.example.lunchtray/androidx.test.core.app.InstrumentationActivityInvoker$BootstrapActivity (has extras) }, activity=androidx.test.core.app.InstrumentationActivityInvoker$BootstrapActivity@8f3598d
07-20 11:37:42.769  7950  7950 D LifecycleMonitor: Lifecycle status change: androidx.test.core.app.InstrumentationActivityInvoker$BootstrapActivity@8f3598d in: PAUSED
07-20 11:37:42.769  7950  7950 V ActivityScenario: Activity lifecycle changed event received but ignored because the intent does not match. startActivityIntent=Intent { act=android.intent.action.MAIN cat=[android.intent.category.LAUNCHER] cmp=com.example.lunchtray/androidx.fragment.app.testing.FragmentScenario$EmptyFragmentActivity (has extras) }, activity.getIntent()=Intent { act=android.intent.action.MAIN cat=[android.intent.category.LAUNCHER] flg=0x10008000 cmp=com.example.lunchtray/androidx.test.core.app.InstrumentationActivityInvoker$BootstrapActivity (has extras) }, activity=androidx.test.core.app.InstrumentationActivityInvoker$BootstrapActivity@8f3598d
07-20 11:37:42.790  1482  1482 I GsaVoiceInteractionSrv: Handling ACTION_STOP_HOTWORD
07-20 11:37:42.791  1482  1482 E HwDetectorWithState: a: 3
07-20 11:37:42.805  7950  7950 D LifecycleMonitor: Lifecycle status change: androidx.fragment.app.testing.FragmentScenario$EmptyFragmentActivity@53abffd in: PRE_ON_CREATE
07-20 11:37:42.806  7950  7950 V ActivityScenario: Activity lifecycle changed event received but ignored because the reported transition was not ON_CREATE while the last known transition was PRE_ON_CREATE
07-20 11:37:42.808   611   701 W libprocessgroup: Failed to open /sys/fs/cgroup/./frozen/cgroup.procs: No such file or directory
07-20 11:37:42.808   611   701 W libprocessgroup: Failed to apply Frozen process profile: No such file or directory
07-20 11:37:42.855  7950  7950 D LifecycleMonitor: Lifecycle status change: androidx.fragment.app.testing.FragmentScenario$EmptyFragmentActivity@53abffd in: CREATED
07-20 11:37:42.855  7950  7950 V ActivityScenario: Update currentActivityStage to CREATED, currentActivity=androidx.fragment.app.testing.FragmentScenario$EmptyFragmentActivity@53abffd
07-20 11:37:42.856  7950  7950 D LifecycleMonitor: Lifecycle status change: androidx.fragment.app.testing.FragmentScenario$EmptyFragmentActivity@53abffd in: STARTED
07-20 11:37:42.856  7950  7950 V ActivityScenario: Update currentActivityStage to STARTED, currentActivity=androidx.fragment.app.testing.FragmentScenario$EmptyFragmentActivity@53abffd
07-20 11:37:42.857  7950  7950 D LifecycleMonitor: Lifecycle status change: androidx.fragment.app.testing.FragmentScenario$EmptyFragmentActivity@53abffd in: RESUMED
07-20 11:37:42.857  7950  7950 V ActivityScenario: Update currentActivityStage to RESUMED, currentActivity=androidx.fragment.app.testing.FragmentScenario$EmptyFragmentActivity@53abffd
07-20 11:37:42.870  7950  7950 D LifecycleMonitor: Lifecycle status change: androidx.test.core.app.InstrumentationActivityInvoker$BootstrapActivity@8f3598d in: STOPPED
07-20 11:37:42.871  7950  7950 V ActivityScenario: Activity lifecycle changed event received but ignored because the intent does not match. startActivityIntent=Intent { act=android.intent.action.MAIN cat=[android.intent.category.LAUNCHER] cmp=com.example.lunchtray/androidx.fragment.app.testing.FragmentScenario$EmptyFragmentActivity (has extras) }, activity.getIntent()=Intent { act=android.intent.action.MAIN cat=[android.intent.category.LAUNCHER] flg=0x10008000 cmp=com.example.lunchtray/androidx.test.core.app.InstrumentationActivityInvoker$BootstrapActivity (has extras) }, activity=androidx.test.core.app.InstrumentationActivityInvoker$BootstrapActivity@8f3598d
07-20 11:37:42.883  7950  7976 D HostConnection: createUnique: call
07-20 11:37:42.883  7950  7976 D HostConnection: HostConnection::get() New Host Connection established 0x7f5229f5cb50, tid 7976
07-20 11:37:42.887  7950  7976 D HostConnection: HostComposition ext ANDROID_EMU_CHECKSUM_HELPER_v1 ANDROID_EMU_native_sync_v2 ANDROID_EMU_native_sync_v3 ANDROID_EMU_native_sync_v4 ANDROID_EMU_dma_v1 ANDROID_EMU_direct_mem ANDROID_EMU_host_composition_v1 ANDROID_EMU_host_composition_v2 ANDROID_EMU_vulkan ANDROID_EMU_deferred_vulkan_commands ANDROID_EMU_vulkan_null_optional_strings ANDROID_EMU_vulkan_create_resources_with_requirements ANDROID_EMU_YUV_Cache ANDROID_EMU_vulkan_ignored_handles ANDROID_EMU_has_shared_slots_host_memory_allocator ANDROID_EMU_vulkan_free_memory_sync ANDROID_EMU_vulkan_shader_float16_int8 ANDROID_EMU_vulkan_async_queue_submit ANDROID_EMU_vulkan_queue_submit_with_commands ANDROID_EMU_sync_buffer_data ANDROID_EMU_read_color_buffer_dma GL_OES_vertex_array_object GL_KHR_texture_compression_astc_ldr ANDROID_EMU_host_side_tracing ANDROID_EMU_gles_max_version_2
07-20 11:37:42.888   222   222 I hwservicemanager: getTransport: Cannot find entry android.hardware.configstore@1.0::ISurfaceFlingerConfigs/default in either framework or device VINTF manifest.
07-20 11:37:42.889  7950  7976 W OpenGLRenderer: Failed to choose config with EGL_SWAP_BEHAVIOR_PRESERVED, retrying without...
07-20 11:37:42.889  7950  7976 W OpenGLRenderer: Failed to initialize 101010-2 format, error = EGL_SUCCESS
07-20 11:37:42.892  7950  7976 D EGL_emulation: eglCreateContext: 0x7f5229f5b350: maj 2 min 0 rcv 2
07-20 11:37:42.915  7950  7976 D EGL_emulation: eglMakeCurrent: 0x7f5229f5b350: ver 2 0 (tinfo 0x7f544b1d7080) (first time)
07-20 11:37:42.920   222   222 I hwservicemanager: getTransport: Cannot find entry android.hardware.graphics.mapper@4.0::IMapper/default in either framework or device VINTF manifest.
07-20 11:37:42.920  7950  7976 I Gralloc4: mapper 4.x is not supported
07-20 11:37:42.921  7950  7976 D HostConnection: createUnique: call
07-20 11:37:42.921  7950  7976 D HostConnection: HostConnection::get() New Host Connection established 0x7f5229f5ac90, tid 7976
07-20 11:37:42.921  7950  7976 D goldfish-address-space: allocate: Ask for block of size 0x100
07-20 11:37:42.922  7950  7976 D goldfish-address-space: allocate: ioctl allocate returned offset 0x3efffe000 size 0x2000
07-20 11:37:42.922   222   222 I hwservicemanager: getTransport: Cannot find entry android.hardware.graphics.allocator@4.0::IAllocator/default in either framework or device VINTF manifest.
07-20 11:37:42.923  7950  7976 W Gralloc4: allocator 4.x is not supported
07-20 11:37:42.924   412   437 D goldfish-address-space: claimShared: Ask to claim region [0x3f0000000 0x3f0965000]
07-20 11:37:42.928  7950  7976 D HostConnection: HostComposition ext ANDROID_EMU_CHECKSUM_HELPER_v1 ANDROID_EMU_native_sync_v2 ANDROID_EMU_native_sync_v3 ANDROID_EMU_native_sync_v4 ANDROID_EMU_dma_v1 ANDROID_EMU_direct_mem ANDROID_EMU_host_composition_v1 ANDROID_EMU_host_composition_v2 ANDROID_EMU_vulkan ANDROID_EMU_deferred_vulkan_commands ANDROID_EMU_vulkan_null_optional_strings ANDROID_EMU_vulkan_create_resources_with_requirements ANDROID_EMU_YUV_Cache ANDROID_EMU_vulkan_ignored_handles ANDROID_EMU_has_shared_slots_host_memory_allocator ANDROID_EMU_vulkan_free_memory_sync ANDROID_EMU_vulkan_shader_float16_int8 ANDROID_EMU_vulkan_async_queue_submit ANDROID_EMU_vulkan_queue_submit_with_commands ANDROID_EMU_sync_buffer_data ANDROID_EMU_read_color_buffer_dma GL_OES_vertex_array_object GL_KHR_texture_compression_astc_ldr ANDROID_EMU_host_side_tracing ANDROID_EMU_gles_max_version_2
07-20 11:37:42.930   412   437 D goldfish-address-space: claimShared: Ask to claim region [0x3f0965000 0x3f12ca000]
07-20 11:37:42.931   412   437 D goldfish-address-space: claimShared: Ask to claim region [0x3f12ca000 0x3f1c2f000]
07-20 11:37:42.944   611   634 W ziparchive: Unable to open '/data/app/~~0czPUI9Sk-LfKlPej92m5w==/com.example.lunchtray-cRUbCqr5V2EiEm5VqobDdQ==/base.dm': No such file or directory
07-20 11:37:42.944   611   634 I ActivityTaskManager: Displayed com.example.lunchtray/androidx.fragment.app.testing.FragmentScenario$EmptyFragmentActivity: +267ms
07-20 11:37:42.963   611   719 W InputManager-JNI: Input channel object '8f3a2e9 Splash Screen com.example.lunchtray (client)' was disposed without first being removed with the input manager!
07-20 11:37:42.983  7950  7950 D CompatibilityChangeReporter: Compat change id reported: 171228096; UID 10171; state: ENABLED
07-20 11:37:43.072  7950  7973 D EventInjectionStrategy: Creating injection strategy with input manager.
07-20 11:37:43.072  7950  7973 W ample.lunchtra: Accessing hidden method Landroid/hardware/input/InputManager;->getInstance()Landroid/hardware/input/InputManager; (unsupported, reflection, allowed)
07-20 11:37:43.072  7950  7973 W ample.lunchtra: Accessing hidden method Landroid/hardware/input/InputManager;->injectInputEvent(Landroid/view/InputEvent;I)Z (unsupported, reflection, allowed)
07-20 11:37:43.072  7950  7973 W ample.lunchtra: Accessing hidden field Landroid/hardware/input/InputManager;->INJECT_INPUT_EVENT_MODE_WAIT_FOR_FINISH:I (unsupported, reflection, allowed)
07-20 11:37:43.086  1398  1398 I GoogleInputMethodService: GoogleInputMethodService.onFinishInput():3316
07-20 11:37:43.087  1398  1398 I GoogleInputMethodService: GoogleInputMethodService.updateDeviceLockedStatus():2181 checkRepeatedly = false, unlocked = true
07-20 11:37:43.087  1398  1398 I GoogleInputMethodService: GoogleInputMethodService.onStartInput():1989
07-20 11:37:43.087  1398  1398 I GoogleInputMethodService: GoogleInputMethodService.updateDeviceLockedStatus():2181 checkRepeatedly = true, unlocked = true
07-20 11:37:43.124  7950  7973 W ample.lunchtra: Accessing hidden method Landroid/view/ViewConfiguration;->getDoubleTapMinTime()I (unsupported, reflection, allowed)
07-20 11:37:43.133  7950  7950 W ample.lunchtra: Accessing hidden method Landroid/os/MessageQueue;->next()Landroid/os/Message; (unsupported, reflection, allowed)
07-20 11:37:43.133  7950  7950 W ample.lunchtra: Accessing hidden field Landroid/os/MessageQueue;->mMessages:Landroid/os/Message; (unsupported, reflection, allowed)
07-20 11:37:43.133  7950  7950 W ample.lunchtra: Accessing hidden method Landroid/os/Message;->recycleUnchecked()V (unsupported, reflection, allowed)
07-20 11:37:43.136  7950  7950 W ample.lunchtra: Accessing hidden method Landroid/view/WindowManagerGlobal;->getInstance()Landroid/view/WindowManagerGlobal; (unsupported, reflection, allowed)
07-20 11:37:43.136  7950  7950 W ample.lunchtra: Accessing hidden field Landroid/view/WindowManagerGlobal;->mViews:Ljava/util/ArrayList; (unsupported, reflection, allowed)
07-20 11:37:43.136  7950  7950 W ample.lunchtra: Accessing hidden field Landroid/view/WindowManagerGlobal;->mParams:Ljava/util/ArrayList; (unsupported, reflection, allowed)
07-20 11:37:43.141  7950  7950 I ViewInteraction: Performing 'single click' action on view view.getId() is <2131231138/com.example.lunchtray:id/salad>
07-20 11:37:43.146   821   821 D NoBackGesture: Start gesture: MotionEvent { action=ACTION_DOWN, actionButton=0, id[0]=0, x[0]=184.0, y[0]=93.0, toolType[0]=TOOL_TYPE_UNKNOWN, buttonState=BUTTON_PRIMARY, classification=NONE, metaState=0, flags=0x0, edgeFlags=0x0, pointerCount=1, historySize=0, eventTime=788943, downTime=788943, deviceId=-1, source=0x1002, displayId=0, eventId=-1021380099 }
07-20 11:37:43.146   821   821 D NoBackGesture: Gesture [1658317063146,alw=FALSE,FALSE,TRUE,FALSE,disp=Point(1080, 2280),wl=70,il=0,wr=70,ir=0,excl=SkRegion()]
07-20 11:37:43.215   397   585 E android.hardware.audio@7.0-impl.ranchu: device/generic/goldfish/audio/primary_device.cpp:createAudioPatch:134 failure: Result::INVALID_ARGUMENTS
07-20 11:37:43.217   397   585 E android.hardware.audio@7.0-impl.ranchu: device/generic/goldfish/audio/stream_out.cpp:updateSourceMetadata:377 failure: Result::NOT_SUPPORTED
07-20 11:37:43.218   473   568 D AudioFlinger: mixer(0x76d9d991aa10) throttle end: throttle time(40)
07-20 11:37:43.283  1139  3357 I FontLog : Received query Noto Color Emoji Compat, URI content://com.google.android.gms.fonts [CONTEXT service_id=132 ]
07-20 11:37:43.284  1139  3357 I FontLog : Query [emojicompat-emoji-font] resolved to {Noto Color Emoji Compat, wdth 100.0, wght 400, ital 0.0, bestEffort false} [CONTEXT service_id=132 ]
07-20 11:37:43.285  1139  3357 I FontLog : Fetch {Noto Color Emoji Compat, wdth 100.0, wght 400, ital 0.0, bestEffort false} end status Status{statusCode=SUCCESS, resolution=null} [CONTEXT service_id=132 ]
07-20 11:37:43.291  1139  3357 I FontLog : Pulling font file for id = 30, cache size = 7 [CONTEXT service_id=132 ]
07-20 11:37:43.300  1139  3357 I FontLog : Pulling font file for id = 30, cache size = 7 [CONTEXT service_id=132 ]
07-20 11:37:43.521  7950  7950 I ViewInteraction: Checking 'MatchesViewAssertion{viewMatcher=an instance of android.widget.TextView and view.getText() with or without transformation to match: a string containing "Subtotal: $2.50"}' assertion on view view.getId() is <2131231217/com.example.lunchtray:id/subtotal>
07-20 11:37:43.523  7950  7950 I ViewInteraction: Performing 'single click' action on view view.getId() is <2131231187/com.example.lunchtray:id/soup>
07-20 11:37:43.526   821   821 D NoBackGesture: Start gesture: MotionEvent { action=ACTION_DOWN, actionButton=0, id[0]=0, x[0]=248.5, y[0]=284.0, toolType[0]=TOOL_TYPE_UNKNOWN, buttonState=BUTTON_PRIMARY, classification=NONE, metaState=0, flags=0x0, edgeFlags=0x0, pointerCount=1, historySize=0, eventTime=789323, downTime=789322, deviceId=-1, source=0x1002, displayId=0, eventId=-352276706 }
07-20 11:37:43.526   821   821 D NoBackGesture: Gesture [1658317063526,alw=FALSE,FALSE,TRUE,FALSE,disp=Point(1080, 2280),wl=70,il=0,wr=70,ir=0,excl=SkRegion()]
07-20 11:37:43.600   473   568 D AudioFlinger: mixer(0x76d9d991aa10) throttle end: throttle time(38)
07-20 11:37:43.881  7950  7950 I ViewInteraction: Checking 'MatchesViewAssertion{viewMatcher=an instance of android.widget.TextView and view.getText() with or without transformation to match: a string containing "Subtotal: $3.00"}' assertion on view view.getId() is <2131231217/com.example.lunchtray:id/subtotal>
07-20 11:37:43.884  7950  7950 I ViewInteraction: Performing 'single click' action on view view.getId() is <2131231121/com.example.lunchtray:id/potatoes>
07-20 11:37:43.888   821   821 D NoBackGesture: Start gesture: MotionEvent { action=ACTION_DOWN, actionButton=0, id[0]=0, x[0]=187.0, y[0]=475.0, toolType[0]=TOOL_TYPE_UNKNOWN, buttonState=BUTTON_PRIMARY, classification=NONE, metaState=0, flags=0x0, edgeFlags=0x0, pointerCount=1, historySize=0, eventTime=789683, downTime=789683, deviceId=-1, source=0x1002, displayId=0, eventId=-756992875 }
07-20 11:37:43.888   821   821 D NoBackGesture: Gesture [1658317063888,alw=FALSE,FALSE,TRUE,FALSE,disp=Point(1080, 2280),wl=70,il=0,wr=70,ir=0,excl=SkRegion()]
07-20 11:37:44.248  7950  7950 I ViewInteraction: Checking 'MatchesViewAssertion{viewMatcher=an instance of android.widget.TextView and view.getText() with or without transformation to match: a string containing "Subtotal: $2.00"}' assertion on view view.getId() is <2131231217/com.example.lunchtray:id/subtotal>
07-20 11:37:44.251  7950  7950 I ViewInteraction: Performing 'single click' action on view view.getId() is <2131231128/com.example.lunchtray:id/rice>
07-20 11:37:44.254   821   821 D NoBackGesture: Start gesture: MotionEvent { action=ACTION_DOWN, actionButton=0, id[0]=0, x[0]=175.0, y[0]=666.0, toolType[0]=TOOL_TYPE_UNKNOWN, buttonState=BUTTON_PRIMARY, classification=NONE, metaState=0, flags=0x0, edgeFlags=0x0, pointerCount=1, historySize=0, eventTime=790051, downTime=790051, deviceId=-1, source=0x1002, displayId=0, eventId=-614707364 }
07-20 11:37:44.255   821   821 D NoBackGesture: Gesture [1658317064255,alw=FALSE,FALSE,TRUE,FALSE,disp=Point(1080, 2280),wl=70,il=0,wr=70,ir=0,excl=SkRegion()]
07-20 11:37:44.314  7950  7976 D EGL_emulation: app_time_stats: avg=55.81ms min=1.69ms max=284.30ms count=22
07-20 11:37:44.617  7950  7950 I ViewInteraction: Checking 'MatchesViewAssertion{viewMatcher=an instance of android.widget.TextView and view.getText() with or without transformation to match: a string containing "Subtotal: $1.50"}' assertion on view view.getId() is <2131231217/com.example.lunchtray:id/subtotal>
07-20 11:37:44.619  7950  7973 I TestRunner: finished: radio_buttons_update_side_menu_subtotal(com.example.lunchtray.OrderFunctionalityTests)
