07-20 11:37:55.689  7950  7973 I TestRunner: started: subtotal_tax_total_in_checkout(com.example.lunchtray.OrderFunctionalityTests)
07-20 11:37:55.695  7950  7973 W Settings: Setting always_finish_activities has moved from android.provider.Settings.System to android.provider.Settings.Global, returning read-only value.
07-20 11:37:55.705   611  1991 D DevicePolicyManagerService: No updated drawable found for drawable id WORK_PROFILE_ICON
07-20 11:37:55.722  7950  7950 D LifecycleMonitor: Lifecycle status change: androidx.test.core.app.InstrumentationActivityInvoker$BootstrapActivity@1b706cc in: PRE_ON_CREATE
07-20 11:37:55.723  7950  7950 V ActivityScenario: Activity lifecycle changed event received but ignored because the intent does not match. startActivityIntent=Intent { act=android.intent.action.MAIN cat=[android.intent.category.LAUNCHER] cmp=com.example.lunchtray/.MainActivity }, activity.getIntent()=Intent { act=android.intent.action.MAIN cat=[android.intent.category.LAUNCHER] flg=0x10008000 cmp=com.example.lunchtray/androidx.test.core.app.InstrumentationActivityInvoker$BootstrapActivity (has extras) }, activity=androidx.test.core.app.InstrumentationActivityInvoker$BootstrapActivity@1b706cc
07-20 11:37:55.723  7950  7950 V ActivityScenario: Activity lifecycle changed event received but ignored because the intent does not match. startActivityIntent=Intent { act=android.intent.action.MAIN cat=[android.intent.category.LAUNCHER] cmp=com.example.lunchtray/.MainActivity }, activity.getIntent()=Intent { act=android.intent.action.MAIN cat=[android.intent.category.LAUNCHER] flg=0x10008000 cmp=com.example.lunchtray/androidx.test.core.app.InstrumentationActivityInvoker$BootstrapActivity (has extras) }, activity=androidx.test.core.app.InstrumentationActivityInvoker$BootstrapActivity@1b706cc
07-20 11:37:55.733   412   437 D goldfish-address-space: claimShared: Ask to claim region [0x3f5e89000 0x3f67ee000]
07-20 11:37:55.733  7950  7950 D LifecycleMonitor: Lifecycle status change: androidx.test.core.app.InstrumentationActivityInvoker$BootstrapActivity@1b706cc in: CREATED
07-20 11:37:55.733  7950  7950 V ActivityScenario: Activity lifecycle changed event received but ignored because the intent does not match. startActivityIntent=Intent { act=android.intent.action.MAIN cat=[android.intent.category.LAUNCHER] cmp=com.example.lunchtray/.MainActivity }, activity.getIntent()=Intent { act=android.intent.action.MAIN cat=[android.intent.category.LAUNCHER] flg=0x10008000 cmp=com.example.lunchtray/androidx.test.core.app.InstrumentationActivityInvoker$BootstrapActivity (has extras) }, activity=androidx.test.core.app.InstrumentationActivityInvoker$BootstrapActivity@1b706cc
07-20 11:37:55.733  7950  7950 V ActivityScenario: Activity lifecycle changed event received but ignored because the intent does not match. startActivityIntent=Intent { act=android.intent.action.MAIN cat=[android.intent.category.LAUNCHER] cmp=com.example.lunchtray/.MainActivity }, activity.getIntent()=Intent { act=android.intent.action.MAIN cat=[android.intent.category.LAUNCHER] flg=0x10008000 cmp=com.example.lunchtray/androidx.test.core.app.InstrumentationActivityInvoker$BootstrapActivity (has extras) }, activity=androidx.test.core.app.InstrumentationActivityInvoker$BootstrapActivity@1b706cc
07-20 11:37:55.734  7950  7950 D LifecycleMonitor: Lifecycle status change: androidx.test.core.app.InstrumentationActivityInvoker$BootstrapActivity@1b706cc in: STARTED
07-20 11:37:55.734  7950  7950 V ActivityScenario: Activity lifecycle changed event received but ignored because the intent does not match. startActivityIntent=Intent { act=android.intent.action.MAIN cat=[android.intent.category.LAUNCHER] cmp=com.example.lunchtray/.MainActivity }, activity.getIntent()=Intent { act=android.intent.action.MAIN cat=[android.intent.category.LAUNCHER] flg=0x10008000 cmp=com.example.lunchtray/androidx.test.core.app.InstrumentationActivityInvoker$BootstrapActivity (has extras) }, activity=androidx.test.core.app.InstrumentationActivityInvoker$BootstrapActivity@1b706cc
07-20 11:37:55.734  7950  7950 V ActivityScenario: Activity lifecycle changed event received but ignored because the intent does not match. startActivityIntent=Intent { act=android.intent.action.MAIN cat=[android.intent.category.LAUNCHER] cmp=com.example.lunchtray/.MainActivity }, activity.getIntent()=Intent { act=android.intent.action.MAIN cat=[android.intent.category.LAUNCHER] flg=0x10008000 cmp=com.example.lunchtray/androidx.test.core.app.InstrumentationActivityInvoker$BootstrapActivity (has extras) }, activity=androidx.test.core.app.InstrumentationActivityInvoker$BootstrapActivity@1b706cc
07-20 11:37:55.737   412   437 D goldfish-address-space: claimShared: Ask to claim region [0x3f67ee000 0x3f7153000]
07-20 11:37:55.739   412   437 D goldfish-address-space: claimShared: Ask to claim region [0x3fb2a6000 0x3fbc0b000]
07-20 11:37:55.739   611  2007 D DevicePolicyManagerService: No updated drawable found for drawable id WORK_PROFILE_ICON
07-20 11:37:55.746  7950  7950 D LifecycleMonitor: Lifecycle status change: androidx.test.core.app.InstrumentationActivityInvoker$BootstrapActivity@1b706cc in: RESUMED
07-20 11:37:55.746  7950  7950 V ActivityScenario: Activity lifecycle changed event received but ignored because the intent does not match. startActivityIntent=Intent { act=android.intent.action.MAIN cat=[android.intent.category.LAUNCHER] cmp=com.example.lunchtray/.MainActivity }, activity.getIntent()=Intent { act=android.intent.action.MAIN cat=[android.intent.category.LAUNCHER] flg=0x10008000 cmp=com.example.lunchtray/androidx.test.core.app.InstrumentationActivityInvoker$BootstrapActivity (has extras) }, activity=androidx.test.core.app.InstrumentationActivityInvoker$BootstrapActivity@1b706cc
07-20 11:37:55.746  7950  7950 V ActivityScenario: Activity lifecycle changed event received but ignored because the intent does not match. startActivityIntent=Intent { act=android.intent.action.MAIN cat=[android.intent.category.LAUNCHER] cmp=com.example.lunchtray/.MainActivity }, activity.getIntent()=Intent { act=android.intent.action.MAIN cat=[android.intent.category.LAUNCHER] flg=0x10008000 cmp=com.example.lunchtray/androidx.test.core.app.InstrumentationActivityInvoker$BootstrapActivity (has extras) }, activity=androidx.test.core.app.InstrumentationActivityInvoker$BootstrapActivity@1b706cc
07-20 11:37:55.755  7950  7950 D LifecycleMonitor: Lifecycle status change: androidx.test.core.app.InstrumentationActivityInvoker$BootstrapActivity@1b706cc in: PAUSED
07-20 11:37:55.756  7950  7950 V ActivityScenario: Activity lifecycle changed event received but ignored because the intent does not match. startActivityIntent=Intent { act=android.intent.action.MAIN cat=[android.intent.category.LAUNCHER] cmp=com.example.lunchtray/.MainActivity }, activity.getIntent()=Intent { act=android.intent.action.MAIN cat=[android.intent.category.LAUNCHER] flg=0x10008000 cmp=com.example.lunchtray/androidx.test.core.app.InstrumentationActivityInvoker$BootstrapActivity (has extras) }, activity=androidx.test.core.app.InstrumentationActivityInvoker$BootstrapActivity@1b706cc
07-20 11:37:55.756  7950  7950 V ActivityScenario: Activity lifecycle changed event received but ignored because the intent does not match. startActivityIntent=Intent { act=android.intent.action.MAIN cat=[android.intent.category.LAUNCHER] cmp=com.example.lunchtray/.MainActivity }, activity.getIntent()=Intent { act=android.intent.action.MAIN cat=[android.intent.category.LAUNCHER] flg=0x10008000 cmp=com.example.lunchtray/androidx.test.core.app.InstrumentationActivityInvoker$BootstrapActivity (has extras) }, activity=androidx.test.core.app.InstrumentationActivityInvoker$BootstrapActivity@1b706cc
07-20 11:37:55.769  7950  7950 D LifecycleMonitor: Lifecycle status change: com.example.lunchtray.MainActivity@29c0282 in: PRE_ON_CREATE
07-20 11:37:55.769  7950  7950 V ActivityScenario: Activity lifecycle changed event received but ignored because the reported transition was not ON_CREATE while the last known transition was DESTROYED
07-20 11:37:55.769  7950  7950 V ActivityScenario: Activity lifecycle changed event received but ignored because the reported transition was not ON_CREATE while the last known transition was PRE_ON_CREATE
07-20 11:37:55.781  7950  7950 D LifecycleMonitor: Lifecycle status change: com.example.lunchtray.MainActivity@29c0282 in: CREATED
07-20 11:37:55.781  7950  7950 V ActivityScenario: Update currentActivityStage to CREATED, currentActivity=com.example.lunchtray.MainActivity@29c0282
07-20 11:37:55.781  7950  7950 V ActivityScenario: Update currentActivityStage to CREATED, currentActivity=com.example.lunchtray.MainActivity@29c0282
07-20 11:37:55.783  1736  1736 I A       : onApplyWindowInsets: systemWindowInsets=Insets{left=0, top=56, right=0, bottom=37}
07-20 11:37:55.784  1736  1736 I A       : onApplyWindowInsets: systemWindowInsets=Insets{left=0, top=56, right=0, bottom=37}
07-20 11:37:55.787  7950  7950 D LifecycleMonitor: Lifecycle status change: com.example.lunchtray.MainActivity@29c0282 in: STARTED
07-20 11:37:55.787  7950  7950 V ActivityScenario: Update currentActivityStage to STARTED, currentActivity=com.example.lunchtray.MainActivity@29c0282
07-20 11:37:55.788  7950  7950 V ActivityScenario: Update currentActivityStage to STARTED, currentActivity=com.example.lunchtray.MainActivity@29c0282
07-20 11:37:55.788  7950  7950 D LifecycleMonitor: Lifecycle status change: com.example.lunchtray.MainActivity@29c0282 in: RESUMED
07-20 11:37:55.789  7950  7950 V ActivityScenario: Update currentActivityStage to RESUMED, currentActivity=com.example.lunchtray.MainActivity@29c0282
07-20 11:37:55.789  7950  7950 V ActivityScenario: Update currentActivityStage to RESUMED, currentActivity=com.example.lunchtray.MainActivity@29c0282
07-20 11:37:55.803   611   620 I system_server: NativeAlloc concurrent copying GC freed 228358(10MB) AllocSpace objects, 7(252KB) LOS objects, 49% free, 22MB/44MB, paused 606us,105us total 188.392ms
07-20 11:37:55.806   611   622 W System  : A resource failed to call release.
07-20 11:37:55.807   611   622 W System  : A resource failed to call release.
07-20 11:37:55.807   611   622 W System  : A resource failed to call InputEventReceiver.dispose.
07-20 11:37:55.807   611   622 W InputManager-JNI: Input channel object '9ff994e ActivityRecordInputSink androidx.test.core.app.InstrumentationActivityInvoker$BootstrapActivity (client)' was disposed without first being removed with the input manager!
07-20 11:37:55.807   611   622 W System  : A resource failed to call release.
07-20 11:37:55.807   611   622 W System  : A resource failed to call HardwareBuffer.close.
07-20 11:37:55.807   611   622 W System  : A resource failed to call release.
07-20 11:37:55.808   611   622 W System  : A resource failed to call InputEventReceiver.dispose.
07-20 11:37:55.808   611   622 W InputManager-JNI: Input channel object 'd25ab71 ActivityRecordInputSink androidx.test.core.app.InstrumentationActivityInvoker$BootstrapActivity (client)' was disposed without first being removed with the input manager!
07-20 11:37:55.811   611   622 W System  : A resource failed to call release.
07-20 11:37:55.811   611   622 W System  : A resource failed to call HardwareBuffer.close.
07-20 11:37:55.812   611   622 W System  : A resource failed to call release.
07-20 11:37:55.812   611   622 W System  : A resource failed to call InputEventReceiver.dispose.
07-20 11:37:55.812   611   622 W InputManager-JNI: Input channel object '6b33d28 ActivityRecordInputSink .MainActivity (client)' was disposed without first being removed with the input manager!
07-20 11:37:55.812   611   622 W System  : A resource failed to call release.
07-20 11:37:55.812   611   622 W System  : A resource failed to call InputEventReceiver.dispose.
07-20 11:37:55.813   611   622 W InputManager-JNI: Input channel object '9dfe199 ActivityRecordInputSink androidx.test.core.app.InstrumentationActivityInvoker$BootstrapActivity (client)' was disposed without first being removed with the input manager!
07-20 11:37:55.813   611   622 W System  : A resource failed to call release.
07-20 11:37:55.813   611   622 W System  : A resource failed to call HardwareBuffer.close.
07-20 11:37:55.813   611   622 W System  : A resource failed to call release.
07-20 11:37:55.814   611   622 W System  : A resource failed to call InputEventReceiver.dispose.
07-20 11:37:55.814   611   622 W InputManager-JNI: Input channel object 'b89e0ee ActivityRecordInputSink .MainActivity (client)' was disposed without first being removed with the input manager!
07-20 11:37:55.814   611   622 W System  : A resource failed to call release.
07-20 11:37:55.814   611   622 W System  : A resource failed to call InputEventReceiver.dispose.
07-20 11:37:55.814   611   622 W InputManager-JNI: Input channel object 'ce4dfcb ActivityRecordInputSink androidx.test.core.app.InstrumentationActivityInvoker$BootstrapActivity (client)' was disposed without first being removed with the input manager!
07-20 11:37:55.815   611   622 W System  : A resource failed to call release.
07-20 11:37:55.815   611   622 W System  : A resource failed to call HardwareBuffer.close.
07-20 11:37:55.816   611   622 W System  : A resource failed to call release.
07-20 11:37:55.816   611   622 W System  : A resource failed to call InputEventReceiver.dispose.
07-20 11:37:55.818   611   622 W InputManager-JNI: Input channel object 'b35b7b8 ActivityRecordInputSink androidx.fragment.app.testing.FragmentScenario$EmptyFragmentActivity (client)' was disposed without first being removed with the input manager!
07-20 11:37:55.818  1482  1482 I GsaVoiceInteractionSrv: Handling ACTION_STOP_HOTWORD
07-20 11:37:55.818   611   622 W System  : A resource failed to call release.
07-20 11:37:55.818   611   622 W System  : A resource failed to call InputEventReceiver.dispose.
07-20 11:37:55.818  1482  1482 E HwDetectorWithState: a: 3
07-20 11:37:55.818   611   622 W InputManager-JNI: Input channel object '7a2ceb1 ActivityRecordInputSink androidx.test.core.app.InstrumentationActivityInvoker$BootstrapActivity (client)' was disposed without first being removed with the input manager!
07-20 11:37:55.818   611   622 W System  : A resource failed to call release.
07-20 11:37:55.819   412   437 D goldfish-address-space: claimShared: Ask to claim region [0x3f0965000 0x3f12ca000]
07-20 11:37:55.821   611   622 W System  : A resource failed to call release.
07-20 11:37:55.821   611   622 W System  : A resource failed to call InputEventReceiver.dispose.
07-20 11:37:55.821   611   622 W InputManager-JNI: Input channel object 'ce72a70 ActivityRecordInputSink .MainActivity (client)' was disposed without first being removed with the input manager!
07-20 11:37:55.822   412   437 D goldfish-address-space: claimShared: Ask to claim region [0x3f5524000 0x3f5e89000]
07-20 11:37:55.824   412   437 D goldfish-address-space: claimShared: Ask to claim region [0x3f7153000 0x3f7ab8000]
07-20 11:37:55.834   611   634 W ziparchive: Unable to open '/data/app/~~0czPUI9Sk-LfKlPej92m5w==/com.example.lunchtray-cRUbCqr5V2EiEm5VqobDdQ==/base.dm': No such file or directory
07-20 11:37:55.835   611   634 I ActivityTaskManager: Displayed com.example.lunchtray/.MainActivity: +129ms
07-20 11:37:55.837  7950  7950 D RootViewPicker: Root not ready - waiting: 10ms for one to appear.
07-20 11:37:55.839  7950  7950 D LifecycleMonitor: Lifecycle status change: androidx.test.core.app.InstrumentationActivityInvoker$BootstrapActivity@1b706cc in: STOPPED
07-20 11:37:55.839  7950  7950 V ActivityScenario: Activity lifecycle changed event received but ignored because the intent does not match. startActivityIntent=Intent { act=android.intent.action.MAIN cat=[android.intent.category.LAUNCHER] cmp=com.example.lunchtray/.MainActivity }, activity.getIntent()=Intent { act=android.intent.action.MAIN cat=[android.intent.category.LAUNCHER] flg=0x10008000 cmp=com.example.lunchtray/androidx.test.core.app.InstrumentationActivityInvoker$BootstrapActivity (has extras) }, activity=androidx.test.core.app.InstrumentationActivityInvoker$BootstrapActivity@1b706cc
07-20 11:37:55.839  7950  7950 V ActivityScenario: Activity lifecycle changed event received but ignored because the intent does not match. startActivityIntent=Intent { act=android.intent.action.MAIN cat=[android.intent.category.LAUNCHER] cmp=com.example.lunchtray/.MainActivity }, activity.getIntent()=Intent { act=android.intent.action.MAIN cat=[android.intent.category.LAUNCHER] flg=0x10008000 cmp=com.example.lunchtray/androidx.test.core.app.InstrumentationActivityInvoker$BootstrapActivity (has extras) }, activity=androidx.test.core.app.InstrumentationActivityInvoker$BootstrapActivity@1b706cc
07-20 11:37:55.847  1398  1398 I GoogleInputMethodService: GoogleInputMethodService.onFinishInput():3316
07-20 11:37:55.847   611   624 W InputManager-JNI: Input channel object 'b695aa0 Splash Screen com.example.lunchtray (client)' was disposed without first being removed with the input manager!
07-20 11:37:55.849  1398  1398 I GoogleInputMethodService: GoogleInputMethodService.updateDeviceLockedStatus():2181 checkRepeatedly = false, unlocked = true
07-20 11:37:55.849  1398  1398 I GoogleInputMethodService: GoogleInputMethodService.onStartInput():1989
07-20 11:37:55.849  1398  1398 I GoogleInputMethodService: GoogleInputMethodService.updateDeviceLockedStatus():2181 checkRepeatedly = true, unlocked = true
07-20 11:37:55.878  7950  7950 I ViewInteraction: Performing 'single click' action on view view.getId() is <2131231208/com.example.lunchtray:id/start_order_btn>
07-20 11:37:55.881   821   821 D NoBackGesture: Start gesture: MotionEvent { action=ACTION_DOWN, actionButton=0, id[0]=0, x[0]=539.5, y[0]=1224.5, toolType[0]=TOOL_TYPE_UNKNOWN, buttonState=BUTTON_PRIMARY, classification=NONE, metaState=0, flags=0x0, edgeFlags=0x0, pointerCount=1, historySize=0, eventTime=801677, downTime=801677, deviceId=-1, source=0x1002, displayId=0, eventId=-535898070 }
07-20 11:37:55.881   821   821 D NoBackGesture: Gesture [1658317075881,alw=FALSE,FALSE,TRUE,FALSE,disp=Point(1080, 2280),wl=70,il=0,wr=70,ir=0,excl=SkRegion()]
07-20 11:37:56.215  7950  7950 I ViewInteraction: Performing 'single click' action on view view.getId() is <2131230844/com.example.lunchtray:id/cauliflower>
07-20 11:37:56.217   821   821 D NoBackGesture: Start gesture: MotionEvent { action=ACTION_DOWN, actionButton=0, id[0]=0, x[0]=160.0, y[0]=242.5, toolType[0]=TOOL_TYPE_UNKNOWN, buttonState=BUTTON_PRIMARY, classification=NONE, metaState=0, flags=0x0, edgeFlags=0x0, pointerCount=1, historySize=0, eventTime=802014, downTime=802014, deviceId=-1, source=0x1002, displayId=0, eventId=-346255083 }
07-20 11:37:56.217   821   821 D NoBackGesture: Gesture [1658317076217,alw=FALSE,FALSE,TRUE,FALSE,disp=Point(1080, 2280),wl=70,il=0,wr=70,ir=0,excl=SkRegion()]
07-20 11:37:56.582  7950  7950 I ViewInteraction: Performing 'single click' action on view view.getId() is <2131231081/com.example.lunchtray:id/next_button>
07-20 11:37:56.584   821   821 D NoBackGesture: Start gesture: MotionEvent { action=ACTION_DOWN, actionButton=0, id[0]=0, x[0]=800.5, y[0]=1343.5, toolType[0]=TOOL_TYPE_UNKNOWN, buttonState=BUTTON_PRIMARY, classification=NONE, metaState=0, flags=0x0, edgeFlags=0x0, pointerCount=1, historySize=0, eventTime=802381, downTime=802381, deviceId=-1, source=0x1002, displayId=0, eventId=-1014808012 }
07-20 11:37:56.584   821   821 D NoBackGesture: Gesture [1658317076584,alw=FALSE,FALSE,TRUE,FALSE,disp=Point(1080, 2280),wl=70,il=0,wr=70,ir=0,excl=SkRegion()]
07-20 11:37:56.926  7950  7950 I ViewInteraction: Performing 'single click' action on view view.getId() is <2131231138/com.example.lunchtray:id/salad>
07-20 11:37:56.928   821   821 D NoBackGesture: Start gesture: MotionEvent { action=ACTION_DOWN, actionButton=0, id[0]=0, x[0]=184.0, y[0]=242.5, toolType[0]=TOOL_TYPE_UNKNOWN, buttonState=BUTTON_PRIMARY, classification=NONE, metaState=0, flags=0x0, edgeFlags=0x0, pointerCount=1, historySize=0, eventTime=802725, downTime=802725, deviceId=-1, source=0x1002, displayId=0, eventId=-300090278 }
07-20 11:37:56.928   821   821 D NoBackGesture: Gesture [1658317076928,alw=FALSE,FALSE,TRUE,FALSE,disp=Point(1080, 2280),wl=70,il=0,wr=70,ir=0,excl=SkRegion()]
07-20 11:37:56.978  7950  7976 D EGL_emulation: app_time_stats: avg=63.71ms min=7.81ms max=282.63ms count=18
07-20 11:37:57.004  1611  1611 D BoundBrokerSvc: onUnbind: Intent { act=com.google.android.gms.feedback.internal.IFeedbackService dat=chimera-action:com.google.android.gms.feedback.internal.IFeedbackService cmp=com.google.android.gms/.chimera.GmsBoundBrokerService }
07-20 11:37:57.284  7950  7950 I ViewInteraction: Performing 'single click' action on view view.getId() is <2131231081/com.example.lunchtray:id/next_button>
07-20 11:37:57.288   821   821 D NoBackGesture: Start gesture: MotionEvent { action=ACTION_DOWN, actionButton=0, id[0]=0, x[0]=800.5, y[0]=1277.5, toolType[0]=TOOL_TYPE_UNKNOWN, buttonState=BUTTON_PRIMARY, classification=NONE, metaState=0, flags=0x0, edgeFlags=0x0, pointerCount=1, historySize=0, eventTime=803085, downTime=803084, deviceId=-1, source=0x1002, displayId=0, eventId=-826565711 }
07-20 11:37:57.288   821   821 D NoBackGesture: Gesture [1658317077288,alw=FALSE,FALSE,TRUE,FALSE,disp=Point(1080, 2280),wl=70,il=0,wr=70,ir=0,excl=SkRegion()]
07-20 11:37:57.391  7950  7959 W ample.lunchtra: Cleared Reference was only reachable from finalizer (only reported once)
07-20 11:37:57.615  7950  7950 I ViewInteraction: Performing 'single click' action on view view.getId() is <2131230835/com.example.lunchtray:id/bread>
07-20 11:37:57.618   821   821 D NoBackGesture: Start gesture: MotionEvent { action=ACTION_DOWN, actionButton=0, id[0]=0, x[0]=154.0, y[0]=242.5, toolType[0]=TOOL_TYPE_UNKNOWN, buttonState=BUTTON_PRIMARY, classification=NONE, metaState=0, flags=0x0, edgeFlags=0x0, pointerCount=1, historySize=0, eventTime=803415, downTime=803415, deviceId=-1, source=0x1002, displayId=0, eventId=-1033116908 }
07-20 11:37:57.619   821   821 D NoBackGesture: Gesture [1658317077619,alw=FALSE,FALSE,TRUE,FALSE,disp=Point(1080, 2280),wl=70,il=0,wr=70,ir=0,excl=SkRegion()]
07-20 11:37:57.985  7950  7950 I ViewInteraction: Performing 'single click' action on view view.getId() is <2131231081/com.example.lunchtray:id/next_button>
07-20 11:37:57.990   821   821 D NoBackGesture: Start gesture: MotionEvent { action=ACTION_DOWN, actionButton=0, id[0]=0, x[0]=800.5, y[0]=1049.5, toolType[0]=TOOL_TYPE_UNKNOWN, buttonState=BUTTON_PRIMARY, classification=NONE, metaState=0, flags=0x0, edgeFlags=0x0, pointerCount=1, historySize=0, eventTime=803785, downTime=803785, deviceId=-1, source=0x1002, displayId=0, eventId=-300694015 }
07-20 11:37:57.991   821   821 D NoBackGesture: Gesture [1658317077990,alw=FALSE,FALSE,TRUE,FALSE,disp=Point(1080, 2280),wl=70,il=0,wr=70,ir=0,excl=SkRegion()]
07-20 11:37:58.046  7950  7976 D EGL_emulation: app_time_stats: avg=63.83ms min=1.92ms max=280.48ms count=16
07-20 11:37:58.316  7950  7950 I ViewInteraction: Checking 'MatchesViewAssertion{viewMatcher=an instance of android.widget.TextView and view.getText() with or without transformation to match: a string containing "Subtotal: $10.00"}' assertion on view view.getId() is <2131231217/com.example.lunchtray:id/subtotal>
07-20 11:37:58.318  7950  7950 I ViewInteraction: Checking 'MatchesViewAssertion{viewMatcher=an instance of android.widget.TextView and view.getText() with or without transformation to match: a string containing "Tax: $0.80"}' assertion on view view.getId() is <2131231233/com.example.lunchtray:id/tax>
07-20 11:37:58.322  7950  7950 I ViewInteraction: Checking 'MatchesViewAssertion{viewMatcher=an instance of android.widget.TextView and view.getText() with or without transformation to match: a string containing "Total: $10.80"}' assertion on view view.getId() is <2131231262/com.example.lunchtray:id/total>
07-20 11:37:58.323  7950  7973 I TestRunner: finished: subtotal_tax_total_in_checkout(com.example.lunchtray.OrderFunctionalityTests)
