07-20 11:37:58.494  7950  7973 I TestRunner: started: radio_buttons_update_accompaniment_menu_subtotal(com.example.lunchtray.OrderFunctionalityTests)
07-20 11:37:58.500  7950  7950 D LifecycleMonitor: Lifecycle status change: com.example.lunchtray.MainActivity@29c0282 in: DESTROYED
07-20 11:37:58.502   611   679 W InputManager-JNI: Input channel object 'a1950d7 com.example.lunchtray/com.example.lunchtray.MainActivity (client)' was disposed without first being removed with the input manager!
07-20 11:37:58.508  7950  7973 W Settings: Setting always_finish_activities has moved from android.provider.Settings.System to android.provider.Settings.Global, returning read-only value.
07-20 11:37:58.520   611  1991 D DevicePolicyManagerService: No updated drawable found for drawable id WORK_PROFILE_ICON
07-20 11:37:58.548  4115  8035 I Finsky  : [195] fqp.i(1): Completed 0 account content syncs with 0 successful.
07-20 11:37:58.548  4115  4115 I Finsky  : [2] ContentSyncJob.a(1): [ContentSync] Installation state replication succeeded.
07-20 11:37:58.548  4115  4115 I Finsky  : [2] rry.r(4): SCH: jobFinished: 12-1. TimeElapsed: 58ms.
07-20 11:37:58.554  7950  7950 D LifecycleMonitor: Lifecycle status change: androidx.test.core.app.InstrumentationActivityInvoker$BootstrapActivity@ac03e4c in: PRE_ON_CREATE
07-20 11:37:58.555  7950  7950 V ActivityScenario: Activity lifecycle changed event received but ignored because the intent does not match. startActivityIntent=Intent { act=android.intent.action.MAIN cat=[android.intent.category.LAUNCHER] cmp=com.example.lunchtray/androidx.fragment.app.testing.FragmentScenario$EmptyFragmentActivity (has extras) }, activity.getIntent()=Intent { act=android.intent.action.MAIN cat=[android.intent.category.LAUNCHER] flg=0x10008000 cmp=com.example.lunchtray/androidx.test.core.app.InstrumentationActivityInvoker$BootstrapActivity (has extras) }, activity=androidx.test.core.app.InstrumentationActivityInvoker$BootstrapActivity@ac03e4c
07-20 11:37:58.556   412   437 D goldfish-address-space: claimShared: Ask to claim region [0x3f5524000 0x3f5e89000]
07-20 11:37:58.559   412   437 D goldfish-address-space: claimShared: Ask to claim region [0x3f7153000 0x3f7ab8000]
07-20 11:37:58.565   412   437 D goldfish-address-space: claimShared: Ask to claim region [0x3fb2a6000 0x3fbc0b000]
07-20 11:37:58.567  7950  7950 D LifecycleMonitor: Lifecycle status change: androidx.test.core.app.InstrumentationActivityInvoker$BootstrapActivity@ac03e4c in: CREATED
07-20 11:37:58.567  7950  7950 V ActivityScenario: Activity lifecycle changed event received but ignored because the intent does not match. startActivityIntent=Intent { act=android.intent.action.MAIN cat=[android.intent.category.LAUNCHER] cmp=com.example.lunchtray/androidx.fragment.app.testing.FragmentScenario$EmptyFragmentActivity (has extras) }, activity.getIntent()=Intent { act=android.intent.action.MAIN cat=[android.intent.category.LAUNCHER] flg=0x10008000 cmp=com.example.lunchtray/androidx.test.core.app.InstrumentationActivityInvoker$BootstrapActivity (has extras) }, activity=androidx.test.core.app.InstrumentationActivityInvoker$BootstrapActivity@ac03e4c
07-20 11:37:58.569  7950  7950 D LifecycleMonitor: Lifecycle status change: androidx.test.core.app.InstrumentationActivityInvoker$BootstrapActivity@ac03e4c in: STARTED
07-20 11:37:58.569  7950  7950 V ActivityScenario: Activity lifecycle changed event received but ignored because the intent does not match. startActivityIntent=Intent { act=android.intent.action.MAIN cat=[android.intent.category.LAUNCHER] cmp=com.example.lunchtray/androidx.fragment.app.testing.FragmentScenario$EmptyFragmentActivity (has extras) }, activity.getIntent()=Intent { act=android.intent.action.MAIN cat=[android.intent.category.LAUNCHER] flg=0x10008000 cmp=com.example.lunchtray/androidx.test.core.app.InstrumentationActivityInvoker$BootstrapActivity (has extras) }, activity=androidx.test.core.app.InstrumentationActivityInvoker$BootstrapActivity@ac03e4c
07-20 11:37:58.571   611  2014 D DevicePolicyManagerService: No updated drawable found for drawable id WORK_PROFILE_ICON
07-20 11:37:58.580  4115  4183 I Finsky  : [67] rlu.accept(45): SCH: Scheduling phonesky job Id: 1-1337, CT: 1658314009831, Constraints: [{ L: 42796234, D: 85996234, C: 1, I: 1, N: 1 }]
07-20 11:37:58.586  4115  4181 I Finsky  : [65] rls.apply(48): SCH: Scheduling 1 system job(s)
07-20 11:37:58.587  4115  4181 I Finsky  : [65] rls.apply(54): SCH: Scheduling system job Id: 9240, L: 39727479, D: 82927479, C: false, I: false, N: 1
07-20 11:37:58.589  7950  7950 D LifecycleMonitor: Lifecycle status change: androidx.test.core.app.InstrumentationActivityInvoker$BootstrapActivity@ac03e4c in: RESUMED
07-20 11:37:58.589  7950  7950 V ActivityScenario: Activity lifecycle changed event received but ignored because the intent does not match. startActivityIntent=Intent { act=android.intent.action.MAIN cat=[android.intent.category.LAUNCHER] cmp=com.example.lunchtray/androidx.fragment.app.testing.FragmentScenario$EmptyFragmentActivity (has extras) }, activity.getIntent()=Intent { act=android.intent.action.MAIN cat=[android.intent.category.LAUNCHER] flg=0x10008000 cmp=com.example.lunchtray/androidx.test.core.app.InstrumentationActivityInvoker$BootstrapActivity (has extras) }, activity=androidx.test.core.app.InstrumentationActivityInvoker$BootstrapActivity@ac03e4c
07-20 11:37:58.595  4115  8032 I Finsky  : [192] rtq.a(16): SCH: job service finished with id 9237.
07-20 11:37:58.599  7950  7950 D LifecycleMonitor: Lifecycle status change: androidx.test.core.app.InstrumentationActivityInvoker$BootstrapActivity@ac03e4c in: PAUSED
07-20 11:37:58.600  7950  7950 V ActivityScenario: Activity lifecycle changed event received but ignored because the intent does not match. startActivityIntent=Intent { act=android.intent.action.MAIN cat=[android.intent.category.LAUNCHER] cmp=com.example.lunchtray/androidx.fragment.app.testing.FragmentScenario$EmptyFragmentActivity (has extras) }, activity.getIntent()=Intent { act=android.intent.action.MAIN cat=[android.intent.category.LAUNCHER] flg=0x10008000 cmp=com.example.lunchtray/androidx.test.core.app.InstrumentationActivityInvoker$BootstrapActivity (has extras) }, activity=androidx.test.core.app.InstrumentationActivityInvoker$BootstrapActivity@ac03e4c
07-20 11:37:58.616  7950  7950 D LifecycleMonitor: Lifecycle status change: androidx.fragment.app.testing.FragmentScenario$EmptyFragmentActivity@d4af150 in: PRE_ON_CREATE
07-20 11:37:58.617  7950  7950 V ActivityScenario: Activity lifecycle changed event received but ignored because the reported transition was not ON_CREATE while the last known transition was PRE_ON_CREATE
07-20 11:37:58.620  7950  7950 D LifecycleMonitor: Lifecycle status change: androidx.fragment.app.testing.FragmentScenario$EmptyFragmentActivity@d4af150 in: CREATED
07-20 11:37:58.620  7950  7950 V ActivityScenario: Update currentActivityStage to CREATED, currentActivity=androidx.fragment.app.testing.FragmentScenario$EmptyFragmentActivity@d4af150
07-20 11:37:58.621  7950  7950 D LifecycleMonitor: Lifecycle status change: androidx.fragment.app.testing.FragmentScenario$EmptyFragmentActivity@d4af150 in: STARTED
07-20 11:37:58.621  7950  7950 V ActivityScenario: Update currentActivityStage to STARTED, currentActivity=androidx.fragment.app.testing.FragmentScenario$EmptyFragmentActivity@d4af150
07-20 11:37:58.621  7950  7950 D LifecycleMonitor: Lifecycle status change: androidx.fragment.app.testing.FragmentScenario$EmptyFragmentActivity@d4af150 in: RESUMED
07-20 11:37:58.622  7950  7950 V ActivityScenario: Update currentActivityStage to RESUMED, currentActivity=androidx.fragment.app.testing.FragmentScenario$EmptyFragmentActivity@d4af150
07-20 11:37:58.641   412   437 D goldfish-address-space: claimShared: Ask to claim region [0x3f24d3000 0x3f2e38000]
07-20 11:37:58.649  1736  1736 I A       : onApplyWindowInsets: systemWindowInsets=Insets{left=0, top=56, right=0, bottom=37}
07-20 11:37:58.649  1736  1736 I A       : onApplyWindowInsets: systemWindowInsets=Insets{left=0, top=56, right=0, bottom=37}
07-20 11:37:58.649   412   437 D goldfish-address-space: claimShared: Ask to claim region [0x3f0965000 0x3f12ca000]
07-20 11:37:58.652   412   437 D goldfish-address-space: claimShared: Ask to claim region [0x3f5e89000 0x3f67ee000]
07-20 11:37:58.653  1482  1482 I GsaVoiceInteractionSrv: Handling ACTION_STOP_HOTWORD
07-20 11:37:58.653  1482  1482 E HwDetectorWithState: a: 3
07-20 11:37:58.677   611   634 W ziparchive: Unable to open '/data/app/~~0czPUI9Sk-LfKlPej92m5w==/com.example.lunchtray-cRUbCqr5V2EiEm5VqobDdQ==/base.dm': No such file or directory
07-20 11:37:58.677   611   634 I ActivityTaskManager: Displayed com.example.lunchtray/androidx.fragment.app.testing.FragmentScenario$EmptyFragmentActivity: +157ms
07-20 11:37:58.698  7950  7950 D LifecycleMonitor: Lifecycle status change: androidx.test.core.app.InstrumentationActivityInvoker$BootstrapActivity@ac03e4c in: STOPPED
07-20 11:37:58.698  7950  7950 V ActivityScenario: Activity lifecycle changed event received but ignored because the intent does not match. startActivityIntent=Intent { act=android.intent.action.MAIN cat=[android.intent.category.LAUNCHER] cmp=com.example.lunchtray/androidx.fragment.app.testing.FragmentScenario$EmptyFragmentActivity (has extras) }, activity.getIntent()=Intent { act=android.intent.action.MAIN cat=[android.intent.category.LAUNCHER] flg=0x10008000 cmp=com.example.lunchtray/androidx.test.core.app.InstrumentationActivityInvoker$BootstrapActivity (has extras) }, activity=androidx.test.core.app.InstrumentationActivityInvoker$BootstrapActivity@ac03e4c
07-20 11:37:58.708   611  2007 W InputManager-JNI: Input channel object 'af34d8b Splash Screen com.example.lunchtray (client)' was disposed without first being removed with the input manager!
07-20 11:37:58.711  1398  1398 I GoogleInputMethodService: GoogleInputMethodService.onFinishInput():3316
07-20 11:37:58.714  1398  1398 I GoogleInputMethodService: GoogleInputMethodService.updateDeviceLockedStatus():2181 checkRepeatedly = false, unlocked = true
07-20 11:37:58.714  1398  1398 I GoogleInputMethodService: GoogleInputMethodService.onStartInput():1989
07-20 11:37:58.715  1398  1398 I GoogleInputMethodService: GoogleInputMethodService.updateDeviceLockedStatus():2181 checkRepeatedly = true, unlocked = true
07-20 11:37:58.732  7950  7950 I ViewInteraction: Performing 'single click' action on view view.getId() is <2131230835/com.example.lunchtray:id/bread>
07-20 11:37:58.736   821   821 D NoBackGesture: Start gesture: MotionEvent { action=ACTION_DOWN, actionButton=0, id[0]=0, x[0]=154.0, y[0]=93.0, toolType[0]=TOOL_TYPE_UNKNOWN, buttonState=BUTTON_PRIMARY, classification=NONE, metaState=0, flags=0x0, edgeFlags=0x0, pointerCount=1, historySize=0, eventTime=804532, downTime=804531, deviceId=-1, source=0x1002, displayId=0, eventId=-795463072 }
07-20 11:37:58.736   821   821 D NoBackGesture: Gesture [1658317078736,alw=FALSE,FALSE,TRUE,FALSE,disp=Point(1080, 2280),wl=70,il=0,wr=70,ir=0,excl=SkRegion()]
07-20 11:37:58.771   397   585 E android.hardware.audio@7.0-impl.ranchu: device/generic/goldfish/audio/stream_out.cpp:updateSourceMetadata:377 failure: Result::NOT_SUPPORTED
07-20 11:37:58.824   397   585 E android.hardware.audio@7.0-impl.ranchu: device/generic/goldfish/audio/primary_device.cpp:createAudioPatch:134 failure: Result::INVALID_ARGUMENTS
07-20 11:37:58.829   397   585 E android.hardware.audio@7.0-impl.ranchu: device/generic/goldfish/audio/stream_out.cpp:updateSourceMetadata:377 failure: Result::NOT_SUPPORTED
07-20 11:37:59.098  7950  7950 I ViewInteraction: Checking 'MatchesViewAssertion{viewMatcher=an instance of android.widget.TextView and view.getText() with or without transformation to match: a string containing "Subtotal: $0.50"}' assertion on view view.getId() is <2131231217/com.example.lunchtray:id/subtotal>
07-20 11:37:59.100  7950  7950 I ViewInteraction: Performing 'single click' action on view view.getId() is <2131230825/com.example.lunchtray:id/berries>
07-20 11:37:59.103   821   821 D NoBackGesture: Start gesture: MotionEvent { action=ACTION_DOWN, actionButton=0, id[0]=0, x[0]=178.5, y[0]=284.0, toolType[0]=TOOL_TYPE_UNKNOWN, buttonState=BUTTON_PRIMARY, classification=NONE, metaState=0, flags=0x0, edgeFlags=0x0, pointerCount=1, historySize=0, eventTime=804900, downTime=804900, deviceId=-1, source=0x1002, displayId=0, eventId=-379021127 }
07-20 11:37:59.104   821   821 D NoBackGesture: Gesture [1658317079104,alw=FALSE,FALSE,TRUE,FALSE,disp=Point(1080, 2280),wl=70,il=0,wr=70,ir=0,excl=SkRegion()]
07-20 11:37:59.466  7950  7950 I ViewInteraction: Checking 'MatchesViewAssertion{viewMatcher=an instance of android.widget.TextView and view.getText() with or without transformation to match: a string containing "Subtotal: $1.00"}' assertion on view view.getId() is <2131231217/com.example.lunchtray:id/subtotal>
07-20 11:37:59.470  7950  7950 I ViewInteraction: Performing 'single click' action on view view.getId() is <2131231113/com.example.lunchtray:id/pickles>
07-20 11:37:59.473   821   821 D NoBackGesture: Start gesture: MotionEvent { action=ACTION_DOWN, actionButton=0, id[0]=0, x[0]=195.0, y[0]=475.0, toolType[0]=TOOL_TYPE_UNKNOWN, buttonState=BUTTON_PRIMARY, classification=NONE, metaState=0, flags=0x0, edgeFlags=0x0, pointerCount=1, historySize=0, eventTime=805270, downTime=805270, deviceId=-1, source=0x1002, displayId=0, eventId=-1052825078 }
07-20 11:37:59.474   821   821 D NoBackGesture: Gesture [1658317079473,alw=FALSE,FALSE,TRUE,FALSE,disp=Point(1080, 2280),wl=70,il=0,wr=70,ir=0,excl=SkRegion()]
07-20 11:37:59.832  7950  7950 I ViewInteraction: Checking 'MatchesViewAssertion{viewMatcher=an instance of android.widget.TextView and view.getText() with or without transformation to match: a string containing "Subtotal: $0.50"}' assertion on view view.getId() is <2131231217/com.example.lunchtray:id/subtotal>
07-20 11:37:59.833  7950  7973 I TestRunner: finished: radio_buttons_update_accompaniment_menu_subtotal(com.example.lunchtray.OrderFunctionalityTests)
