07-20 11:37:54.054  7950  7973 I TestRunner: started: order_reset_after_cancel_from_entree_menu(com.example.lunchtray.OrderFunctionalityTests)
07-20 11:37:54.057  7950  7973 W Settings: Setting always_finish_activities has moved from android.provider.Settings.System to android.provider.Settings.Global, returning read-only value.
07-20 11:37:54.072   611  1991 D DevicePolicyManagerService: No updated drawable found for drawable id WORK_PROFILE_ICON
07-20 11:37:54.087  7950  7950 D LifecycleMonitor: Lifecycle status change: androidx.test.core.app.InstrumentationActivityInvoker$BootstrapActivity@8f06890 in: PRE_ON_CREATE
07-20 11:37:54.088  7950  7950 V ActivityScenario: Activity lifecycle changed event received but ignored because the intent does not match. startActivityIntent=Intent { act=android.intent.action.MAIN cat=[android.intent.category.LAUNCHER] cmp=com.example.lunchtray/.MainActivity }, activity.getIntent()=Intent { act=android.intent.action.MAIN cat=[android.intent.category.LAUNCHER] flg=0x10008000 cmp=com.example.lunchtray/androidx.test.core.app.InstrumentationActivityInvoker$BootstrapActivity (has extras) }, activity=androidx.test.core.app.InstrumentationActivityInvoker$BootstrapActivity@8f06890
07-20 11:37:54.096  7950  7950 D LifecycleMonitor: Lifecycle status change: androidx.test.core.app.InstrumentationActivityInvoker$BootstrapActivity@8f06890 in: CREATED
07-20 11:37:54.096  7950  7950 V ActivityScenario: Activity lifecycle changed event received but ignored because the intent does not match. startActivityIntent=Intent { act=android.intent.action.MAIN cat=[android.intent.category.LAUNCHER] cmp=com.example.lunchtray/.MainActivity }, activity.getIntent()=Intent { act=android.intent.action.MAIN cat=[android.intent.category.LAUNCHER] flg=0x10008000 cmp=com.example.lunchtray/androidx.test.core.app.InstrumentationActivityInvoker$BootstrapActivity (has extras) }, activity=androidx.test.core.app.InstrumentationActivityInvoker$BootstrapActivity@8f06890
07-20 11:37:54.097  7950  7950 D LifecycleMonitor: Lifecycle status change: androidx.test.core.app.InstrumentationActivityInvoker$BootstrapActivity@8f06890 in: STARTED
07-20 11:37:54.098   412   437 D goldfish-address-space: claimShared: Ask to claim region [0x3f0000000 0x3f0965000]
07-20 11:37:54.098  7950  7950 V ActivityScenario: Activity lifecycle changed event received but ignored because the intent does not match. startActivityIntent=Intent { act=android.intent.action.MAIN cat=[android.intent.category.LAUNCHER] cmp=com.example.lunchtray/.MainActivity }, activity.getIntent()=Intent { act=android.intent.action.MAIN cat=[android.intent.category.LAUNCHER] flg=0x10008000 cmp=com.example.lunchtray/androidx.test.core.app.InstrumentationActivityInvoker$BootstrapActivity (has extras) }, activity=androidx.test.core.app.InstrumentationActivityInvoker$BootstrapActivity@8f06890
07-20 11:37:54.102   611   679 D DevicePolicyManagerService: No updated drawable found for drawable id WORK_PROFILE_ICON
07-20 11:37:54.103   412   437 D goldfish-address-space: claimShared: Ask to claim region [0x3f0965000 0x3f12ca000]
07-20 11:37:54.104   412   437 D goldfish-address-space: claimShared: Ask to claim region [0x3f5524000 0x3f5e89000]
07-20 11:37:54.108  7950  7950 D LifecycleMonitor: Lifecycle status change: androidx.test.core.app.InstrumentationActivityInvoker$BootstrapActivity@8f06890 in: RESUMED
07-20 11:37:54.108  7950  7950 V ActivityScenario: Activity lifecycle changed event received but ignored because the intent does not match. startActivityIntent=Intent { act=android.intent.action.MAIN cat=[android.intent.category.LAUNCHER] cmp=com.example.lunchtray/.MainActivity }, activity.getIntent()=Intent { act=android.intent.action.MAIN cat=[android.intent.category.LAUNCHER] flg=0x10008000 cmp=com.example.lunchtray/androidx.test.core.app.InstrumentationActivityInvoker$BootstrapActivity (has extras) }, activity=androidx.test.core.app.InstrumentationActivityInvoker$BootstrapActivity@8f06890
07-20 11:37:54.118  7950  7950 D LifecycleMonitor: Lifecycle status change: androidx.test.core.app.InstrumentationActivityInvoker$BootstrapActivity@8f06890 in: PAUSED
07-20 11:37:54.119  7950  7950 V ActivityScenario: Activity lifecycle changed event received but ignored because the intent does not match. startActivityIntent=Intent { act=android.intent.action.MAIN cat=[android.intent.category.LAUNCHER] cmp=com.example.lunchtray/.MainActivity }, activity.getIntent()=Intent { act=android.intent.action.MAIN cat=[android.intent.category.LAUNCHER] flg=0x10008000 cmp=com.example.lunchtray/androidx.test.core.app.InstrumentationActivityInvoker$BootstrapActivity (has extras) }, activity=androidx.test.core.app.InstrumentationActivityInvoker$BootstrapActivity@8f06890
07-20 11:37:54.125  7950  7950 D LifecycleMonitor: Lifecycle status change: com.example.lunchtray.MainActivity@5e8c5b5 in: PRE_ON_CREATE
07-20 11:37:54.125  7950  7950 V ActivityScenario: Activity lifecycle changed event received but ignored because the reported transition was not ON_CREATE while the last known transition was PRE_ON_CREATE
07-20 11:37:54.139  7950  7950 D LifecycleMonitor: Lifecycle status change: com.example.lunchtray.MainActivity@5e8c5b5 in: CREATED
07-20 11:37:54.141  7950  7950 V ActivityScenario: Update currentActivityStage to CREATED, currentActivity=com.example.lunchtray.MainActivity@5e8c5b5
07-20 11:37:54.150  7950  7950 D LifecycleMonitor: Lifecycle status change: com.example.lunchtray.MainActivity@5e8c5b5 in: STARTED
07-20 11:37:54.150  7950  7950 V ActivityScenario: Update currentActivityStage to STARTED, currentActivity=com.example.lunchtray.MainActivity@5e8c5b5
07-20 11:37:54.154  7950  7950 D LifecycleMonitor: Lifecycle status change: com.example.lunchtray.MainActivity@5e8c5b5 in: RESUMED
07-20 11:37:54.155  7950  7950 V ActivityScenario: Update currentActivityStage to RESUMED, currentActivity=com.example.lunchtray.MainActivity@5e8c5b5
07-20 11:37:54.163  7950  7950 D LifecycleMonitor: Lifecycle status change: androidx.test.core.app.InstrumentationActivityInvoker$BootstrapActivity@8f06890 in: STOPPED
07-20 11:37:54.163  1736  1736 I A       : onApplyWindowInsets: systemWindowInsets=Insets{left=0, top=56, right=0, bottom=37}
07-20 11:37:54.163  1736  1736 I A       : onApplyWindowInsets: systemWindowInsets=Insets{left=0, top=56, right=0, bottom=37}
07-20 11:37:54.164  7950  7950 V ActivityScenario: Activity lifecycle changed event received but ignored because the intent does not match. startActivityIntent=Intent { act=android.intent.action.MAIN cat=[android.intent.category.LAUNCHER] cmp=com.example.lunchtray/.MainActivity }, activity.getIntent()=Intent { act=android.intent.action.MAIN cat=[android.intent.category.LAUNCHER] flg=0x10008000 cmp=com.example.lunchtray/androidx.test.core.app.InstrumentationActivityInvoker$BootstrapActivity (has extras) }, activity=androidx.test.core.app.InstrumentationActivityInvoker$BootstrapActivity@8f06890
07-20 11:37:54.184  1482  1482 I GsaVoiceInteractionSrv: Handling ACTION_STOP_HOTWORD
07-20 11:37:54.184  1482  1482 E HwDetectorWithState: a: 3
07-20 11:37:54.185   412   437 D goldfish-address-space: claimShared: Ask to claim region [0x3f5e89000 0x3f67ee000]
07-20 11:37:54.189   412   437 D goldfish-address-space: claimShared: Ask to claim region [0x3f67ee000 0x3f7153000]
07-20 11:37:54.190   412   437 D goldfish-address-space: claimShared: Ask to claim region [0x3fb2a6000 0x3fbc0b000]
07-20 11:37:54.206  7950  7950 D RootViewPicker: Root not ready - waiting: 10ms for one to appear.
07-20 11:37:54.208   611   634 W ziparchive: Unable to open '/data/app/~~0czPUI9Sk-LfKlPej92m5w==/com.example.lunchtray-cRUbCqr5V2EiEm5VqobDdQ==/base.dm': No such file or directory
07-20 11:37:54.209   611   634 I ActivityTaskManager: Displayed com.example.lunchtray/.MainActivity: +136ms
07-20 11:37:54.218  7950  7950 D RootViewPicker: Root not ready - waiting: 25ms for one to appear.
07-20 11:37:54.230  1398  1398 I GoogleInputMethodService: GoogleInputMethodService.onFinishInput():3316
07-20 11:37:54.231  1398  1398 I GoogleInputMethodService: GoogleInputMethodService.updateDeviceLockedStatus():2181 checkRepeatedly = false, unlocked = true
07-20 11:37:54.231  1398  1398 I GoogleInputMethodService: GoogleInputMethodService.onStartInput():1989
07-20 11:37:54.236  1398  1398 I GoogleInputMethodService: GoogleInputMethodService.updateDeviceLockedStatus():2181 checkRepeatedly = true, unlocked = true
07-20 11:37:54.239   611   719 W InputManager-JNI: Input channel object '7f18426 Splash Screen com.example.lunchtray (client)' was disposed without first being removed with the input manager!
07-20 11:37:54.263  7950  7950 I ViewInteraction: Performing 'single click' action on view view.getId() is <2131231208/com.example.lunchtray:id/start_order_btn>
07-20 11:37:54.264   821   821 D NoBackGesture: Start gesture: MotionEvent { action=ACTION_DOWN, actionButton=0, id[0]=0, x[0]=539.5, y[0]=1224.5, toolType[0]=TOOL_TYPE_UNKNOWN, buttonState=BUTTON_PRIMARY, classification=NONE, metaState=0, flags=0x0, edgeFlags=0x0, pointerCount=1, historySize=0, eventTime=800062, downTime=800062, deviceId=-1, source=0x1002, displayId=0, eventId=-638545148 }
07-20 11:37:54.265   821   821 D NoBackGesture: Gesture [1658317074265,alw=FALSE,FALSE,TRUE,FALSE,disp=Point(1080, 2280),wl=70,il=0,wr=70,ir=0,excl=SkRegion()]
07-20 11:37:54.567  7950  7950 I ViewInteraction: Performing 'single click' action on view view.getId() is <2131230844/com.example.lunchtray:id/cauliflower>
07-20 11:37:54.570   821   821 D NoBackGesture: Start gesture: MotionEvent { action=ACTION_DOWN, actionButton=0, id[0]=0, x[0]=160.0, y[0]=242.5, toolType[0]=TOOL_TYPE_UNKNOWN, buttonState=BUTTON_PRIMARY, classification=NONE, metaState=0, flags=0x0, edgeFlags=0x0, pointerCount=1, historySize=0, eventTime=800367, downTime=800367, deviceId=-1, source=0x1002, displayId=0, eventId=-57952247 }
07-20 11:37:54.570   821   821 D NoBackGesture: Gesture [1658317074570,alw=FALSE,FALSE,TRUE,FALSE,disp=Point(1080, 2280),wl=70,il=0,wr=70,ir=0,excl=SkRegion()]
07-20 11:37:54.931  7950  7950 I ViewInteraction: Performing 'single click' action on view view.getId() is <2131230842/com.example.lunchtray:id/cancel_button>
07-20 11:37:54.933   821   821 D NoBackGesture: Start gesture: MotionEvent { action=ACTION_DOWN, actionButton=0, id[0]=0, x[0]=279.0, y[0]=1343.5, toolType[0]=TOOL_TYPE_UNKNOWN, buttonState=BUTTON_PRIMARY, classification=NONE, metaState=0, flags=0x0, edgeFlags=0x0, pointerCount=1, historySize=0, eventTime=800730, downTime=800730, deviceId=-1, source=0x1002, displayId=0, eventId=-615083001 }
07-20 11:37:54.933   821   821 D NoBackGesture: Gesture [1658317074933,alw=FALSE,FALSE,TRUE,FALSE,disp=Point(1080, 2280),wl=70,il=0,wr=70,ir=0,excl=SkRegion()]
07-20 11:37:55.262  7950  7950 I ViewInteraction: Performing 'single click' action on view view.getId() is <2131231208/com.example.lunchtray:id/start_order_btn>
07-20 11:37:55.264   821   821 D NoBackGesture: Start gesture: MotionEvent { action=ACTION_DOWN, actionButton=0, id[0]=0, x[0]=539.5, y[0]=1224.5, toolType[0]=TOOL_TYPE_UNKNOWN, buttonState=BUTTON_PRIMARY, classification=NONE, metaState=0, flags=0x0, edgeFlags=0x0, pointerCount=1, historySize=0, eventTime=801062, downTime=801061, deviceId=-1, source=0x1002, displayId=0, eventId=-680147107 }
07-20 11:37:55.265   821   821 D NoBackGesture: Gesture [1658317075264,alw=FALSE,FALSE,TRUE,FALSE,disp=Point(1080, 2280),wl=70,il=0,wr=70,ir=0,excl=SkRegion()]
07-20 11:37:55.279  7950  7976 D EGL_emulation: app_time_stats: avg=59.84ms min=5.46ms max=284.70ms count=18
07-20 11:37:55.567  7950  7950 I ViewInteraction: Checking 'MatchesViewAssertion{viewMatcher=(view has effective visibility <VISIBLE> and view.getGlobalVisibleRect() to return non-empty rectangle)}' assertion on view an instance of android.widget.TextView and view.getText() with or without transformation to match: is "Subtotal: $0.00"
07-20 11:37:55.568  7950  7973 I TestRunner: finished: order_reset_after_cancel_from_entree_menu(com.example.lunchtray.OrderFunctionalityTests)
